Archive member included to satisfy reference by file (symbol)

/home/spencer/st/stm32cubeide_1.7.0_2/plugins/com.st.stm32cube.ide.mcu.externaltools.gnu-tools-for-stm32.9-2020-q2-update.linux64_2.0.0.202105311346/tools/bin/../lib/gcc/arm-none-eabi/9.3.1/../../../../arm-none-eabi/lib/thumb/v7e-m+dp/hard/libc_nano.a(lib_a-atoi.o)
                              ./Core/Src/freertos.o (atoi)
/home/spencer/st/stm32cubeide_1.7.0_2/plugins/com.st.stm32cube.ide.mcu.externaltools.gnu-tools-for-stm32.9-2020-q2-update.linux64_2.0.0.202105311346/tools/bin/../lib/gcc/arm-none-eabi/9.3.1/../../../../arm-none-eabi/lib/thumb/v7e-m+dp/hard/libc_nano.a(lib_a-errno.o)
                              ./Core/Src/syscalls.o (__errno)
/home/spencer/st/stm32cubeide_1.7.0_2/plugins/com.st.stm32cube.ide.mcu.externaltools.gnu-tools-for-stm32.9-2020-q2-update.linux64_2.0.0.202105311346/tools/bin/../lib/gcc/arm-none-eabi/9.3.1/../../../../arm-none-eabi/lib/thumb/v7e-m+dp/hard/libc_nano.a(lib_a-exit.o)
                              /home/spencer/st/stm32cubeide_1.7.0_2/plugins/com.st.stm32cube.ide.mcu.externaltools.gnu-tools-for-stm32.9-2020-q2-update.linux64_2.0.0.202105311346/tools/bin/../lib/gcc/arm-none-eabi/9.3.1/../../../../arm-none-eabi/lib/thumb/v7e-m+dp/hard/crt0.o (exit)
/home/spencer/st/stm32cubeide_1.7.0_2/plugins/com.st.stm32cube.ide.mcu.externaltools.gnu-tools-for-stm32.9-2020-q2-update.linux64_2.0.0.202105311346/tools/bin/../lib/gcc/arm-none-eabi/9.3.1/../../../../arm-none-eabi/lib/thumb/v7e-m+dp/hard/libc_nano.a(lib_a-findfp.o)
                              ./Middlewares/Third_Party/FreeRTOS/Source/tasks.o (__sf_fake_stderr)
/home/spencer/st/stm32cubeide_1.7.0_2/plugins/com.st.stm32cube.ide.mcu.externaltools.gnu-tools-for-stm32.9-2020-q2-update.linux64_2.0.0.202105311346/tools/bin/../lib/gcc/arm-none-eabi/9.3.1/../../../../arm-none-eabi/lib/thumb/v7e-m+dp/hard/libc_nano.a(lib_a-fwalk.o)
                              /home/spencer/st/stm32cubeide_1.7.0_2/plugins/com.st.stm32cube.ide.mcu.externaltools.gnu-tools-for-stm32.9-2020-q2-update.linux64_2.0.0.202105311346/tools/bin/../lib/gcc/arm-none-eabi/9.3.1/../../../../arm-none-eabi/lib/thumb/v7e-m+dp/hard/libc_nano.a(lib_a-findfp.o) (_fwalk)
/home/spencer/st/stm32cubeide_1.7.0_2/plugins/com.st.stm32cube.ide.mcu.externaltools.gnu-tools-for-stm32.9-2020-q2-update.linux64_2.0.0.202105311346/tools/bin/../lib/gcc/arm-none-eabi/9.3.1/../../../../arm-none-eabi/lib/thumb/v7e-m+dp/hard/libc_nano.a(lib_a-impure.o)
                              /home/spencer/st/stm32cubeide_1.7.0_2/plugins/com.st.stm32cube.ide.mcu.externaltools.gnu-tools-for-stm32.9-2020-q2-update.linux64_2.0.0.202105311346/tools/bin/../lib/gcc/arm-none-eabi/9.3.1/../../../../arm-none-eabi/lib/thumb/v7e-m+dp/hard/libc_nano.a(lib_a-exit.o) (_global_impure_ptr)
/home/spencer/st/stm32cubeide_1.7.0_2/plugins/com.st.stm32cube.ide.mcu.externaltools.gnu-tools-for-stm32.9-2020-q2-update.linux64_2.0.0.202105311346/tools/bin/../lib/gcc/arm-none-eabi/9.3.1/../../../../arm-none-eabi/lib/thumb/v7e-m+dp/hard/libc_nano.a(lib_a-init.o)
                              /home/spencer/st/stm32cubeide_1.7.0_2/plugins/com.st.stm32cube.ide.mcu.externaltools.gnu-tools-for-stm32.9-2020-q2-update.linux64_2.0.0.202105311346/tools/bin/../lib/gcc/arm-none-eabi/9.3.1/../../../../arm-none-eabi/lib/thumb/v7e-m+dp/hard/crt0.o (__libc_init_array)
/home/spencer/st/stm32cubeide_1.7.0_2/plugins/com.st.stm32cube.ide.mcu.externaltools.gnu-tools-for-stm32.9-2020-q2-update.linux64_2.0.0.202105311346/tools/bin/../lib/gcc/arm-none-eabi/9.3.1/../../../../arm-none-eabi/lib/thumb/v7e-m+dp/hard/libc_nano.a(lib_a-lock.o)
                              /home/spencer/st/stm32cubeide_1.7.0_2/plugins/com.st.stm32cube.ide.mcu.externaltools.gnu-tools-for-stm32.9-2020-q2-update.linux64_2.0.0.202105311346/tools/bin/../lib/gcc/arm-none-eabi/9.3.1/../../../../arm-none-eabi/lib/thumb/v7e-m+dp/hard/libc_nano.a(lib_a-findfp.o) (__retarget_lock_init_recursive)
/home/spencer/st/stm32cubeide_1.7.0_2/plugins/com.st.stm32cube.ide.mcu.externaltools.gnu-tools-for-stm32.9-2020-q2-update.linux64_2.0.0.202105311346/tools/bin/../lib/gcc/arm-none-eabi/9.3.1/../../../../arm-none-eabi/lib/thumb/v7e-m+dp/hard/libc_nano.a(lib_a-memcpy-stub.o)
                              ./Middlewares/Third_Party/FreeRTOS/Source/CMSIS_RTOS_V2/cmsis_os2.o (memcpy)
/home/spencer/st/stm32cubeide_1.7.0_2/plugins/com.st.stm32cube.ide.mcu.externaltools.gnu-tools-for-stm32.9-2020-q2-update.linux64_2.0.0.202105311346/tools/bin/../lib/gcc/arm-none-eabi/9.3.1/../../../../arm-none-eabi/lib/thumb/v7e-m+dp/hard/libc_nano.a(lib_a-memset.o)
                              /home/spencer/st/stm32cubeide_1.7.0_2/plugins/com.st.stm32cube.ide.mcu.externaltools.gnu-tools-for-stm32.9-2020-q2-update.linux64_2.0.0.202105311346/tools/bin/../lib/gcc/arm-none-eabi/9.3.1/../../../../arm-none-eabi/lib/thumb/v7e-m+dp/hard/crt0.o (memset)
[...]
Memory Configuration

Name             Origin             Length             Attributes
ITCMRAM          0x0000000000000000 0x0000000000010000 xrw
FLASH            0x0000000008000000 0x0000000000200000 xr
DTCMRAM1         0x0000000020000000 0x0000000000010000 xrw
DTCMRAM2         0x0000000020010000 0x0000000000010000 xrw
RAM              0x0000000024000000 0x0000000000100000 xrw
RAM_CD           0x0000000030000000 0x0000000000020000 xrw
RAM_SRD          0x0000000038000000 0x0000000000008000 xrw
*default*        0x0000000000000000 0xffffffffffffffff

Linker script and memory map

LOAD /home/spencer/st/stm32cubeide_1.7.0_2/plugins/com.st.stm32cube.ide.mcu.externaltools.gnu-tools-for-stm32.9-2020-q2-update.linux64_2.0.0.202105311346/tools/bin/../lib/gcc/arm-none-eabi/9.3.1/thumb/v7e-m+dp/hard/crti.o
LOAD /home/spencer/st/stm32cubeide_1.7.0_2/plugins/com.st.stm32cube.ide.mcu.externaltools.gnu-tools-for-stm32.9-2020-q2-update.linux64_2.0.0.202105311346/tools/bin/../lib/gcc/arm-none-eabi/9.3.1/thumb/v7e-m+dp/hard/crtbegin.o
LOAD /home/spencer/st/stm32cubeide_1.7.0_2/plugins/com.st.stm32cube.ide.mcu.externaltools.gnu-tools-for-stm32.9-2020-q2-update.linux64_2.0.0.202105311346/tools/bin/../lib/gcc/arm-none-eabi/9.3.1/../../../../arm-none-eabi/lib/thumb/v7e-m+dp/hard/crt0.o
LOAD ./Core/Src/freertos.o
LOAD ./Core/Src/gpio.o
LOAD ./Core/Src/main.o
LOAD ./Core/Src/stm32h7xx_hal_msp.o
LOAD ./Core/Src/stm32h7xx_hal_timebase_tim.o
LOAD ./Core/Src/stm32h7xx_it.o
LOAD ./Core/Src/syscalls.o
LOAD ./Core/Src/sysmem.o
LOAD ./Core/Src/system_stm32h7xx.o
LOAD ./Core/Src/usart.o
LOAD ./Core/Src/usb_otg.o
LOAD ./Core/Startup/startup_stm32h7a3zitxq.o
LOAD ./Drivers/STM32H7xx_HAL_Driver/Src/stm32h7xx_hal.o
LOAD ./Drivers/STM32H7xx_HAL_Driver/Src/stm32h7xx_hal_cortex.o
LOAD ./Drivers/STM32H7xx_HAL_Driver/Src/stm32h7xx_hal_dma.o
LOAD ./Drivers/STM32H7xx_HAL_Driver/Src/stm32h7xx_hal_dma_ex.o
LOAD ./Drivers/STM32H7xx_HAL_Driver/Src/stm32h7xx_hal_exti.o
LOAD ./Drivers/STM32H7xx_HAL_Driver/Src/stm32h7xx_hal_flash.o
LOAD ./Drivers/STM32H7xx_HAL_Driver/Src/stm32h7xx_hal_flash_ex.o
LOAD ./Drivers/STM32H7xx_HAL_Driver/Src/stm32h7xx_hal_gpio.o
LOAD ./Drivers/STM32H7xx_HAL_Driver/Src/stm32h7xx_hal_hsem.o
LOAD ./Drivers/STM32H7xx_HAL_Driver/Src/stm32h7xx_hal_i2c.o
LOAD ./Drivers/STM32H7xx_HAL_Driver/Src/stm32h7xx_hal_i2c_ex.o
LOAD ./Drivers/STM32H7xx_HAL_Driver/Src/stm32h7xx_hal_mdma.o
LOAD ./Drivers/STM32H7xx_HAL_Driver/Src/stm32h7xx_hal_pwr.o
LOAD ./Drivers/STM32H7xx_HAL_Driver/Src/stm32h7xx_hal_pwr_ex.o
LOAD ./Drivers/STM32H7xx_HAL_Driver/Src/stm32h7xx_hal_rcc.o
LOAD ./Drivers/STM32H7xx_HAL_Driver/Src/stm32h7xx_hal_rcc_ex.o
LOAD ./Drivers/STM32H7xx_HAL_Driver/Src/stm32h7xx_hal_tim.o
LOAD ./Drivers/STM32H7xx_HAL_Driver/Src/stm32h7xx_hal_tim_ex.o
LOAD ./Drivers/STM32H7xx_HAL_Driver/Src/stm32h7xx_hal_uart.o
LOAD ./Drivers/STM32H7xx_HAL_Driver/Src/stm32h7xx_hal_uart_ex.o
LOAD ./Middlewares/Third_Party/FreeRTOS/Source/CMSIS_RTOS_V2/cmsis_os2.o
LOAD ./Middlewares/Third_Party/FreeRTOS/Source/croutine.o
LOAD ./Middlewares/Third_Party/FreeRTOS/Source/event_groups.o
LOAD ./Middlewares/Third_Party/FreeRTOS/Source/list.o
LOAD ./Middlewares/Third_Party/FreeRTOS/Source/queue.o
LOAD ./Middlewares/Third_Party/FreeRTOS/Source/stream_buffer.o
LOAD ./Middlewares/Third_Party/FreeRTOS/Source/tasks.o
LOAD ./Middlewares/Third_Party/FreeRTOS/Source/timers.o
LOAD ./Middlewares/Third_Party/FreeRTOS/Source/portable/GCC/ARM_CM4F/port.o
LOAD ./Middlewares/Third_Party/FreeRTOS/Source/portable/MemMang/heap_4.o
START GROUP
LOAD /home/spencer/st/stm32cubeide_1.7.0_2/plugins/com.st.stm32cube.ide.mcu.externaltools.gnu-tools-for-stm32.9-2020-q2-update.linux64_2.0.0.202105311346/tools/bin/../lib/gcc/arm-none-eabi/9.3.1/../../../../arm-none-eabi/lib/thumb/v7e-m+dp/hard/libstdc++_nano.a
LOAD /home/spencer/st/stm32cubeide_1.7.0_2/plugins/com.st.stm32cube.ide.mcu.externaltools.gnu-tools-for-stm32.9-2020-q2-update.linux64_2.0.0.202105311346/tools/bin/../lib/gcc/arm-none-eabi/9.3.1/../../../../arm-none-eabi/lib/thumb/v7e-m+dp/hard/libsupc++_nano.a
END GROUP
LOAD /home/spencer/st/stm32cubeide_1.7.0_2/plugins/com.st.stm32cube.ide.mcu.externaltools.gnu-tools-for-stm32.9-2020-q2-update.linux64_2.0.0.202105311346/tools/bin/../lib/gcc/arm-none-eabi/9.3.1/../../../../arm-none-eabi/lib/thumb/v7e-m+dp/hard/libstdc++_nano.a
LOAD /home/spencer/st/stm32cubeide_1.7.0_2/plugins/com.st.stm32cube.ide.mcu.externaltools.gnu-tools-for-stm32.9-2020-q2-update.linux64_2.0.0.202105311346/tools/bin/../lib/gcc/arm-none-eabi/9.3.1/../../../../arm-none-eabi/lib/thumb/v7e-m+dp/hard/libm.a
LOAD /home/spencer/st/stm32cubeide_1.7.0_2/plugins/com.st.stm32cube.ide.mcu.externaltools.gnu-tools-for-stm32.9-2020-q2-update.linux64_2.0.0.202105311346/tools/bin/../lib/gcc/arm-none-eabi/9.3.1/../../../../arm-none-eabi/lib/thumb/v7e-m+dp/hard/libc_nano.a
START GROUP
LOAD /home/spencer/st/stm32cubeide_1.7.0_2/plugins/com.st.stm32cube.ide.mcu.externaltools.gnu-tools-for-stm32.9-2020-q2-update.linux64_2.0.0.202105311346/tools/bin/../lib/gcc/arm-none-eabi/9.3.1/thumb/v7e-m+dp/hard/libgcc.a
LOAD /home/spencer/st/stm32cubeide_1.7.0_2/plugins/com.st.stm32cube.ide.mcu.externaltools.gnu-tools-for-stm32.9-2020-q2-update.linux64_2.0.0.202105311346/tools/bin/../lib/gcc/arm-none-eabi/9.3.1/../../../../arm-none-eabi/lib/thumb/v7e-m+dp/hard/libc_nano.a
END GROUP
START GROUP
LOAD /home/spencer/st/stm32cubeide_1.7.0_2/plugins/com.st.stm32cube.ide.mcu.externaltools.gnu-tools-for-stm32.9-2020-q2-update.linux64_2.0.0.202105311346/tools/bin/../lib/gcc/arm-none-eabi/9.3.1/thumb/v7e-m+dp/hard/libgcc.a
LOAD /home/spencer/st/stm32cubeide_1.7.0_2/plugins/com.st.stm32cube.ide.mcu.externaltools.gnu-tools-for-stm32.9-2020-q2-update.linux64_2.0.0.202105311346/tools/bin/../lib/gcc/arm-none-eabi/9.3.1/../../../../arm-none-eabi/lib/thumb/v7e-m+dp/hard/libc_nano.a
LOAD /home/spencer/st/stm32cubeide_1.7.0_2/plugins/com.st.stm32cube.ide.mcu.externaltools.gnu-tools-for-stm32.9-2020-q2-update.linux64_2.0.0.202105311346/tools/bin/../lib/gcc/arm-none-eabi/9.3.1/../../../../arm-none-eabi/lib/thumb/v7e-m+dp/hard/libnosys.a
END GROUP
START GROUP
LOAD /home/spencer/st/stm32cubeide_1.7.0_2/plugins/com.st.stm32cube.ide.mcu.externaltools.gnu-tools-for-stm32.9-2020-q2-update.linux64_2.0.0.202105311346/tools/bin/../lib/gcc/arm-none-eabi/9.3.1/thumb/v7e-m+dp/hard/libgcc.a
LOAD /home/spencer/st/stm32cubeide_1.7.0_2/plugins/com.st.stm32cube.ide.mcu.externaltools.gnu-tools-for-stm32.9-2020-q2-update.linux64_2.0.0.202105311346/tools/bin/../lib/gcc/arm-none-eabi/9.3.1/../../../../arm-none-eabi/lib/thumb/v7e-m+dp/hard/libc_nano.a
LOAD /home/spencer/st/stm32cubeide_1.7.0_2/plugins/com.st.stm32cube.ide.mcu.externaltools.gnu-tools-for-stm32.9-2020-q2-update.linux64_2.0.0.202105311346/tools/bin/../lib/gcc/arm-none-eabi/9.3.1/../../../../arm-none-eabi/lib/thumb/v7e-m+dp/hard/libnosys.a
END GROUP
LOAD /home/spencer/st/stm32cubeide_1.7.0_2/plugins/com.st.stm32cube.ide.mcu.externaltools.gnu-tools-for-stm32.9-2020-q2-update.linux64_2.0.0.202105311346/tools/bin/../lib/gcc/arm-none-eabi/9.3.1/thumb/v7e-m+dp/hard/crtend.o
LOAD /home/spencer/st/stm32cubeide_1.7.0_2/plugins/com.st.stm32cube.ide.mcu.externaltools.gnu-tools-for-stm32.9-2020-q2-update.linux64_2.0.0.202105311346/tools/bin/../lib/gcc/arm-none-eabi/9.3.1/thumb/v7e-m+dp/hard/crtn.o
                0x0000000024100000                _estack = (ORIGIN (RAM) + LENGTH (RAM))
                0x0000000000000200                _Min_Heap_Size = 0x200
                0x0000000000000400                _Min_Stack_Size = 0x400

.isr_vector     0x0000000008000000      0x2ac
                0x0000000008000000                . = ALIGN (0x4)
 *(.isr_vector)
 .isr_vector    0x0000000008000000      0x2ac ./Core/Startup/startup_stm32h7a3zitxq.o
                0x0000000008000000                g_pfnVectors
                0x00000000080002ac                . = ALIGN (0x4)

.text           0x00000000080002b0     0x90bc
                0x00000000080002b0                . = ALIGN (0x4)
 *(.text)
 .text          0x00000000080002b0       0x40 /home/spencer/st/stm32cubeide_1.7.0_2/plugins/com.st.stm32cube.ide.mcu.externaltools.gnu-tools-for-stm32.9-2020-q2-update.linux64_2.0.0.202105311346/tools/bin/../lib/gcc/arm-none-eabi/9.3.1/thumb/v7e-m+dp/hard/crtbegin.o
 .text          0x00000000080002f0       0xa0 /home/spencer/st/stm32cubeide_1.7.0_2/plugins/com.st.stm32cube.ide.mcu.externaltools.gnu-tools-for-stm32.9-2020-q2-update.linux64_2.0.0.202105311346/tools/bin/../lib/gcc/arm-none-eabi/9.3.1/../../../../arm-none-eabi/lib/thumb/v7e-m+dp/hard/libc_nano.a(lib_a-memchr.o)
                0x00000000080002f0                memchr
 .text          0x0000000008000390       0x30 /home/spencer/st/stm32cubeide_1.7.0_2/plugins/com.st.stm32cube.ide.mcu.externaltools.gnu-tools-for-stm32.9-2020-q2-update.linux64_2.0.0.202105311346/tools/bin/../lib/gcc/arm-none-eabi/9.3.1/thumb/v7e-m+dp/hard/libgcc.a(_aeabi_uldivmod.o)
                0x0000000008000390                __aeabi_uldivmod
 .text          0x00000000080003c0      0x2c4 /home/spencer/st/stm32cubeide_1.7.0_2/plugins/com.st.stm32cube.ide.mcu.externaltools.gnu-tools-for-stm32.9-2020-q2-update.linux64_2.0.0.202105311346/tools/bin/../lib/gcc/arm-none-eabi/9.3.1/thumb/v7e-m+dp/hard/libgcc.a(_udivmoddi4.o)
                0x00000000080003c0                __udivmoddi4
 .text          0x0000000008000684        0x4 /home/spencer/st/stm32cubeide_1.7.0_2/plugins/com.st.stm32cube.ide.mcu.externaltools.gnu-tools-for-stm32.9-2020-q2-update.linux64_2.0.0.202105311346/tools/bin/../lib/gcc/arm-none-eabi/9.3.1/thumb/v7e-m+dp/hard/libgcc.a(_dvmd_tls.o)
                0x0000000008000684                __aeabi_ldiv0
                0x0000000008000684                __aeabi_idiv0
 *(.text*)
 .text.MX_FREERTOS_Init
                0x0000000008000688       0xa8 ./Core/Src/freertos.o
                0x0000000008000688                MX_FREERTOS_Init
 .text.StartCommandLine
                0x0000000008000730      0x128 ./Core/Src/freertos.o
                0x0000000008000730                StartCommandLine
 .text.StartBlinker1
                0x0000000008000858       0x74 ./Core/Src/freertos.o
                0x0000000008000858                StartBlinker1
 .text.StartBlinker2
                0x00000000080008cc       0x10 ./Core/Src/freertos.o
                0x00000000080008cc                StartBlinker2
 .text.StartBlinker3
                0x00000000080008dc       0x10 ./Core/Src/freertos.o
                0x00000000080008dc                StartBlinker3
 .text.MX_GPIO_Init
                0x00000000080008ec      0x234 ./Core/Src/gpio.o
                0x00000000080008ec                MX_GPIO_Init
 .text.main     0x0000000008000b20       0x26 ./Core/Src/main.o
                0x0000000008000b20                main
 *fill*         0x0000000008000b46        0x2 
 .text.SystemClock_Config
                0x0000000008000b48       0xdc ./Core/Src/main.o
                0x0000000008000b48                SystemClock_Config
 .text.HAL_TIM_PeriodElapsedCallback
                0x0000000008000c24       0x24 ./Core/Src/main.o
                0x0000000008000c24                HAL_TIM_PeriodElapsedCallback
 .text.Error_Handler
                0x0000000008000c48        0xa ./Core/Src/main.o
                0x0000000008000c48                Error_Handler
 *fill*         0x0000000008000c52        0x2 
 .text.HAL_MspInit
                0x0000000008000c54       0x3c ./Core/Src/stm32h7xx_hal_msp.o
                0x0000000008000c54                HAL_MspInit
 .text.HAL_InitTick
                0x0000000008000c90       0xd8 ./Core/Src/stm32h7xx_hal_timebase_tim.o
                0x0000000008000c90                HAL_InitTick
 .text.NMI_Handler
                0x0000000008000d68        0x6 ./Core/Src/stm32h7xx_it.o
                0x0000000008000d68                NMI_Handler
 .text.HardFault_Handler
                0x0000000008000d6e        0x6 ./Core/Src/stm32h7xx_it.o
                0x0000000008000d6e                HardFault_Handler
 .text.MemManage_Handler
                0x0000000008000d74        0x6 ./Core/Src/stm32h7xx_it.o
                0x0000000008000d74                MemManage_Handler
 .text.BusFault_Handler
                0x0000000008000d7a        0x6 ./Core/Src/stm32h7xx_it.o
                0x0000000008000d7a                BusFault_Handler
 .text.UsageFault_Handler
                0x0000000008000d80        0x6 ./Core/Src/stm32h7xx_it.o
                0x0000000008000d80                UsageFault_Handler
 .text.DebugMon_Handler
                0x0000000008000d86        0xe ./Core/Src/stm32h7xx_it.o
                0x0000000008000d86                DebugMon_Handler
 .text.TIM7_IRQHandler
                0x0000000008000d94       0x14 ./Core/Src/stm32h7xx_it.o
                0x0000000008000d94                TIM7_IRQHandler
 .text._sbrk    0x0000000008000da8       0x6c ./Core/Src/sysmem.o
                0x0000000008000da8                _sbrk
 .text.SystemInit
                0x0000000008000e14       0xf0 ./Core/Src/system_stm32h7xx.o
                0x0000000008000e14                SystemInit
 .text.MX_USART3_UART_Init
                0x0000000008000f04       0x98 ./Core/Src/usart.o
                0x0000000008000f04                MX_USART3_UART_Init
 .text.HAL_UART_MspInit
                0x0000000008000f9c       0xcc ./Core/Src/usart.o
                0x0000000008000f9c                HAL_UART_MspInit
 .text.MX_USB_OTG_HS_USB_Init
                0x0000000008001068        0xe ./Core/Src/usb_otg.o
                0x0000000008001068                MX_USB_OTG_HS_USB_Init
 *fill*         0x0000000008001076        0x2 
 .text.Reset_Handler
                0x0000000008001078       0x50 ./Core/Startup/startup_stm32h7a3zitxq.o
                0x0000000008001078                Reset_Handler
 .text.Default_Handler
                0x00000000080010c8        0x2 ./Core/Startup/startup_stm32h7a3zitxq.o
                0x00000000080010c8                RTC_Alarm_IRQHandler
                0x00000000080010c8                EXTI2_IRQHandler
                0x00000000080010c8                TIM8_CC_IRQHandler
                0x00000000080010c8                UART8_IRQHandler
                0x00000000080010c8                BDMA2_Channel1_IRQHandler
                0x00000000080010c8                SPI4_IRQHandler
                0x00000000080010c8                BDMA2_Channel0_IRQHandler
                0x00000000080010c8                TIM1_CC_IRQHandler
                0x00000000080010c8                DMA2_Stream5_IRQHandler
                0x00000000080010c8                JPEG_IRQHandler
                0x00000000080010c8                DMA1_Stream5_IRQHandler
                0x00000000080010c8                EXTI3_IRQHandler
                0x00000000080010c8                LPTIM4_IRQHandler
                0x00000000080010c8                TIM8_TRG_COM_TIM14_IRQHandler
                0x00000000080010c8                LPTIM2_IRQHandler
                0x00000000080010c8                DFSDM1_FLT1_IRQHandler
                0x00000000080010c8                DMAMUX2_OVR_IRQHandler
                0x00000000080010c8                GFXMMU_IRQHandler
                0x00000000080010c8                TIM8_UP_TIM13_IRQHandler
                0x00000000080010c8                I2C3_ER_IRQHandler
                0x00000000080010c8                DFSDM1_FLT2_IRQHandler
                0x00000000080010c8                USART10_IRQHandler
                0x00000000080010c8                MDMA_IRQHandler
                0x00000000080010c8                LPTIM3_IRQHandler
                0x00000000080010c8                BDMA2_Channel3_IRQHandler
                0x00000000080010c8                HSEM1_IRQHandler
                0x00000000080010c8                EXTI0_IRQHandler
                0x00000000080010c8                I2C2_EV_IRQHandler
                0x00000000080010c8                DAC2_IRQHandler
                0x00000000080010c8                DMA1_Stream2_IRQHandler
                0x00000000080010c8                FPU_IRQHandler
                0x00000000080010c8                OTG_HS_WKUP_IRQHandler
                0x00000000080010c8                FDCAN1_IT1_IRQHandler
                0x00000000080010c8                LTDC_ER_IRQHandler
                0x00000000080010c8                DMA2_Stream2_IRQHandler
                0x00000000080010c8                SPI1_IRQHandler
                0x00000000080010c8                OCTOSPI1_IRQHandler
                0x00000000080010c8                TIM6_DAC_IRQHandler
                0x00000000080010c8                BDMA2_Channel6_IRQHandler
                0x00000000080010c8                DMA2_Stream3_IRQHandler
                0x00000000080010c8                OCTOSPI2_IRQHandler
                0x00000000080010c8                SAI2_IRQHandler
                0x00000000080010c8                BDMA1_IRQHandler
                0x00000000080010c8                DFSDM1_FLT3_IRQHandler
                0x00000000080010c8                USART6_IRQHandler
                0x00000000080010c8                TIM17_IRQHandler
                0x00000000080010c8                USART3_IRQHandler
                0x00000000080010c8                LPTIM5_IRQHandler
                0x00000000080010c8                UART5_IRQHandler
                0x00000000080010c8                DMA2_Stream0_IRQHandler
                0x00000000080010c8                TIM4_IRQHandler
                0x00000000080010c8                I2C1_EV_IRQHandler
                0x00000000080010c8                DMA1_Stream6_IRQHandler
                0x00000000080010c8                DMAMUX1_OVR_IRQHandler
                0x00000000080010c8                DMA1_Stream1_IRQHandler
                0x00000000080010c8                TIM16_IRQHandler
                0x00000000080010c8                UART4_IRQHandler
                0x00000000080010c8                TIM3_IRQHandler
                0x00000000080010c8                RCC_IRQHandler
                0x00000000080010c8                UART9_IRQHandler
                0x00000000080010c8                TIM8_BRK_TIM12_IRQHandler
                0x00000000080010c8                TIM1_TRG_COM_IRQHandler
                0x00000000080010c8                Default_Handler
                0x00000000080010c8                ECC_IRQHandler
                0x00000000080010c8                BDMA2_Channel2_IRQHandler
                0x00000000080010c8                CEC_IRQHandler
                0x00000000080010c8                EXTI15_10_IRQHandler
                0x00000000080010c8                DFSDM1_FLT4_IRQHandler
                0x00000000080010c8                ADC_IRQHandler
                0x00000000080010c8                DMA1_Stream7_IRQHandler
                0x00000000080010c8                SPI5_IRQHandler
                0x00000000080010c8                SDMMC1_IRQHandler
                0x00000000080010c8                TIM5_IRQHandler
                0x00000000080010c8                DMA2_Stream7_IRQHandler
                0x00000000080010c8                TIM15_IRQHandler
                0x00000000080010c8                I2C3_EV_IRQHandler
                0x00000000080010c8                DFSDM2_IRQHandler
                0x00000000080010c8                EXTI9_5_IRQHandler
                0x00000000080010c8                RTC_WKUP_IRQHandler
                0x00000000080010c8                LTDC_IRQHandler
                0x00000000080010c8                SPDIF_RX_IRQHandler
                0x00000000080010c8                PVD_PVM_IRQHandler
                0x00000000080010c8                SPI2_IRQHandler
                0x00000000080010c8                OTG_HS_EP1_IN_IRQHandler
                0x00000000080010c8                DFSDM1_FLT5_IRQHandler
                0x00000000080010c8                DMA1_Stream0_IRQHandler
                0x00000000080010c8                CRS_IRQHandler
                0x00000000080010c8                EXTI4_IRQHandler
                0x00000000080010c8                DFSDM1_FLT6_IRQHandler
                0x00000000080010c8                RNG_IRQHandler
                0x00000000080010c8                FDCAN2_IT1_IRQHandler
                0x00000000080010c8                COMP_IRQHandler
                0x00000000080010c8                TIM1_UP_IRQHandler
                0x00000000080010c8                OTG_HS_EP1_OUT_IRQHandler
                0x00000000080010c8                WWDG_IRQHandler
                0x00000000080010c8                SPI6_IRQHandler
                0x00000000080010c8                MDIOS_IRQHandler
                0x00000000080010c8                I2C4_EV_IRQHandler
                0x00000000080010c8                FDCAN2_IT0_IRQHandler
                0x00000000080010c8                LPUART1_IRQHandler
                0x00000000080010c8                FDCAN1_IT0_IRQHandler
                0x00000000080010c8                TIM2_IRQHandler
                0x00000000080010c8                BDMA2_Channel5_IRQHandler
                0x00000000080010c8                OTG_HS_IRQHandler
                0x00000000080010c8                DMA2D_IRQHandler
                0x00000000080010c8                TIM1_BRK_IRQHandler
                0x00000000080010c8                EXTI1_IRQHandler
                0x00000000080010c8                SDMMC2_IRQHandler
                0x00000000080010c8                DTS_IRQHandler
                0x00000000080010c8                UART7_IRQHandler
                0x00000000080010c8                MDIOS_WKUP_IRQHandler
                0x00000000080010c8                USART2_IRQHandler
                0x00000000080010c8                DFSDM1_FLT0_IRQHandler
                0x00000000080010c8                I2C2_ER_IRQHandler
                0x00000000080010c8                DMA2_Stream1_IRQHandler
                0x00000000080010c8                DFSDM1_FLT7_IRQHandler
                0x00000000080010c8                FLASH_IRQHandler
                0x00000000080010c8                DMA2_Stream4_IRQHandler
                0x00000000080010c8                USART1_IRQHandler
                0x00000000080010c8                SPI3_IRQHandler
                0x00000000080010c8                WAKEUP_PIN_IRQHandler
                0x00000000080010c8                DMA1_Stream4_IRQHandler
                0x00000000080010c8                I2C1_ER_IRQHandler
                0x00000000080010c8                FMC_IRQHandler
                0x00000000080010c8                BDMA2_Channel7_IRQHandler
                0x00000000080010c8                FDCAN_CAL_IRQHandler
                0x00000000080010c8                SWPMI1_IRQHandler
                0x00000000080010c8                LPTIM1_IRQHandler
                0x00000000080010c8                DCMI_PSSI_IRQHandler
                0x00000000080010c8                I2C4_ER_IRQHandler
                0x00000000080010c8                DMA2_Stream6_IRQHandler
                0x00000000080010c8                SAI1_IRQHandler
                0x00000000080010c8                DMA1_Stream3_IRQHandler
                0x00000000080010c8                RTC_TAMP_STAMP_CSS_LSE_IRQHandler
                0x00000000080010c8                BDMA2_Channel4_IRQHandler
 *fill*         0x00000000080010ca        0x2 
 .text.HAL_Init
                0x00000000080010cc       0x78 ./Drivers/STM32H7xx_HAL_Driver/Src/stm32h7xx_hal.o
                0x00000000080010cc                HAL_Init
 .text.HAL_IncTick
                0x0000000008001144       0x28 ./Drivers/STM32H7xx_HAL_Driver/Src/stm32h7xx_hal.o
                0x0000000008001144                HAL_IncTick
 .text.HAL_GetTick
                0x000000000800116c       0x18 ./Drivers/STM32H7xx_HAL_Driver/Src/stm32h7xx_hal.o
                0x000000000800116c                HAL_GetTick
 .text.__NVIC_SetPriorityGrouping
                0x0000000008001184       0x48 ./Drivers/STM32H7xx_HAL_Driver/Src/stm32h7xx_hal_cortex.o
 .text.__NVIC_GetPriorityGrouping
                0x00000000080011cc       0x1c ./Drivers/STM32H7xx_HAL_Driver/Src/stm32h7xx_hal_cortex.o
 .text.__NVIC_EnableIRQ
                0x00000000080011e8       0x3c ./Drivers/STM32H7xx_HAL_Driver/Src/stm32h7xx_hal_cortex.o
 .text.__NVIC_SetPriority
                0x0000000008001224       0x54 ./Drivers/STM32H7xx_HAL_Driver/Src/stm32h7xx_hal_cortex.o
 .text.NVIC_EncodePriority
                0x0000000008001278       0x66 ./Drivers/STM32H7xx_HAL_Driver/Src/stm32h7xx_hal_cortex.o
 .text.HAL_NVIC_SetPriorityGrouping
                0x00000000080012de       0x16 ./Drivers/STM32H7xx_HAL_Driver/Src/stm32h7xx_hal_cortex.o
                0x00000000080012de                HAL_NVIC_SetPriorityGrouping
 .text.HAL_NVIC_SetPriority
                0x00000000080012f4       0x34 ./Drivers/STM32H7xx_HAL_Driver/Src/stm32h7xx_hal_cortex.o
                0x00000000080012f4                HAL_NVIC_SetPriority
 .text.HAL_NVIC_EnableIRQ
                0x0000000008001328       0x1c ./Drivers/STM32H7xx_HAL_Driver/Src/stm32h7xx_hal_cortex.o
                0x0000000008001328                HAL_NVIC_EnableIRQ
 .text.HAL_GPIO_Init
                0x0000000008001344      0x360 ./Drivers/STM32H7xx_HAL_Driver/Src/stm32h7xx_hal_gpio.o
                0x0000000008001344                HAL_GPIO_Init
 .text.HAL_GPIO_WritePin
                0x00000000080016a4       0x32 ./Drivers/STM32H7xx_HAL_Driver/Src/stm32h7xx_hal_gpio.o
                0x00000000080016a4                HAL_GPIO_WritePin
 .text.HAL_GPIO_TogglePin
                0x00000000080016d6       0x34 ./Drivers/STM32H7xx_HAL_Driver/Src/stm32h7xx_hal_gpio.o
                0x00000000080016d6                HAL_GPIO_TogglePin
 *fill*         0x000000000800170a        0x2 
 .text.HAL_PWREx_ConfigSupply
                0x000000000800170c       0xb4 ./Drivers/STM32H7xx_HAL_Driver/Src/stm32h7xx_hal_pwr_ex.o
                0x000000000800170c                HAL_PWREx_ConfigSupply
 .text.HAL_RCC_OscConfig
                0x00000000080017c0      0x808 ./Drivers/STM32H7xx_HAL_Driver/Src/stm32h7xx_hal_rcc.o
                0x00000000080017c0                HAL_RCC_OscConfig
 .text.HAL_RCC_ClockConfig
                0x0000000008001fc8      0x36c ./Drivers/STM32H7xx_HAL_Driver/Src/stm32h7xx_hal_rcc.o
                0x0000000008001fc8                HAL_RCC_ClockConfig
 .text.HAL_RCC_GetSysClockFreq
                0x0000000008002334      0x2f4 ./Drivers/STM32H7xx_HAL_Driver/Src/stm32h7xx_hal_rcc.o
                0x0000000008002334                HAL_RCC_GetSysClockFreq
 .text.HAL_RCC_GetHCLKFreq
                0x0000000008002628       0x60 ./Drivers/STM32H7xx_HAL_Driver/Src/stm32h7xx_hal_rcc.o
                0x0000000008002628                HAL_RCC_GetHCLKFreq
 .text.HAL_RCC_GetPCLK1Freq
                0x0000000008002688       0x2c ./Drivers/STM32H7xx_HAL_Driver/Src/stm32h7xx_hal_rcc.o
                0x0000000008002688                HAL_RCC_GetPCLK1Freq
 .text.HAL_RCC_GetPCLK2Freq
                0x00000000080026b4       0x2c ./Drivers/STM32H7xx_HAL_Driver/Src/stm32h7xx_hal_rcc.o
                0x00000000080026b4                HAL_RCC_GetPCLK2Freq
 .text.HAL_RCC_GetClockConfig
                0x00000000080026e0       0x84 ./Drivers/STM32H7xx_HAL_Driver/Src/stm32h7xx_hal_rcc.o
                0x00000000080026e0                HAL_RCC_GetClockConfig
 .text.HAL_RCCEx_PeriphCLKConfig
                0x0000000008002764      0xe18 ./Drivers/STM32H7xx_HAL_Driver/Src/stm32h7xx_hal_rcc_ex.o
                0x0000000008002764                HAL_RCCEx_PeriphCLKConfig
 .text.HAL_RCCEx_GetD3PCLK1Freq
                0x000000000800357c       0x2c ./Drivers/STM32H7xx_HAL_Driver/Src/stm32h7xx_hal_rcc_ex.o
                0x000000000800357c                HAL_RCCEx_GetD3PCLK1Freq
 .text.HAL_RCCEx_GetPLL2ClockFreq
                0x00000000080035a8      0x2a8 ./Drivers/STM32H7xx_HAL_Driver/Src/stm32h7xx_hal_rcc_ex.o
                0x00000000080035a8                HAL_RCCEx_GetPLL2ClockFreq
 .text.HAL_RCCEx_GetPLL3ClockFreq
                0x0000000008003850      0x2a8 ./Drivers/STM32H7xx_HAL_Driver/Src/stm32h7xx_hal_rcc_ex.o
                0x0000000008003850                HAL_RCCEx_GetPLL3ClockFreq
 .text.RCCEx_PLL2_Config
                0x0000000008003af8      0x164 ./Drivers/STM32H7xx_HAL_Driver/Src/stm32h7xx_hal_rcc_ex.o
 .text.RCCEx_PLL3_Config
                0x0000000008003c5c      0x164 ./Drivers/STM32H7xx_HAL_Driver/Src/stm32h7xx_hal_rcc_ex.o
 .text.HAL_TIM_Base_Init
                0x0000000008003dc0       0xae ./Drivers/STM32H7xx_HAL_Driver/Src/stm32h7xx_hal_tim.o
                0x0000000008003dc0                HAL_TIM_Base_Init
 .text.HAL_TIM_Base_MspInit
                0x0000000008003e6e       0x14 ./Drivers/STM32H7xx_HAL_Driver/Src/stm32h7xx_hal_tim.o
                0x0000000008003e6e                HAL_TIM_Base_MspInit
 *fill*         0x0000000008003e82        0x2 
 .text.HAL_TIM_Base_Start_IT
                0x0000000008003e84       0xf0 ./Drivers/STM32H7xx_HAL_Driver/Src/stm32h7xx_hal_tim.o
                0x0000000008003e84                HAL_TIM_Base_Start_IT
 .text.HAL_TIM_IRQHandler
                0x0000000008003f74      0x23e ./Drivers/STM32H7xx_HAL_Driver/Src/stm32h7xx_hal_tim.o
                0x0000000008003f74                HAL_TIM_IRQHandler
 .text.HAL_TIM_OC_DelayElapsedCallback
                0x00000000080041b2       0x14 ./Drivers/STM32H7xx_HAL_Driver/Src/stm32h7xx_hal_tim.o
                0x00000000080041b2                HAL_TIM_OC_DelayElapsedCallback
 .text.HAL_TIM_IC_CaptureCallback
                0x00000000080041c6       0x14 ./Drivers/STM32H7xx_HAL_Driver/Src/stm32h7xx_hal_tim.o
                0x00000000080041c6                HAL_TIM_IC_CaptureCallback
 .text.HAL_TIM_PWM_PulseFinishedCallback
                0x00000000080041da       0x14 ./Drivers/STM32H7xx_HAL_Driver/Src/stm32h7xx_hal_tim.o
                0x00000000080041da                HAL_TIM_PWM_PulseFinishedCallback
 .text.HAL_TIM_TriggerCallback
                0x00000000080041ee       0x14 ./Drivers/STM32H7xx_HAL_Driver/Src/stm32h7xx_hal_tim.o
                0x00000000080041ee                HAL_TIM_TriggerCallback
 *fill*         0x0000000008004202        0x2 
 .text.TIM_Base_SetConfig
                0x0000000008004204      0x134 ./Drivers/STM32H7xx_HAL_Driver/Src/stm32h7xx_hal_tim.o
                0x0000000008004204                TIM_Base_SetConfig
 .text.HAL_TIMEx_CommutCallback
                0x0000000008004338       0x14 ./Drivers/STM32H7xx_HAL_Driver/Src/stm32h7xx_hal_tim_ex.o
                0x0000000008004338                HAL_TIMEx_CommutCallback
 .text.HAL_TIMEx_BreakCallback
                0x000000000800434c       0x14 ./Drivers/STM32H7xx_HAL_Driver/Src/stm32h7xx_hal_tim_ex.o
                0x000000000800434c                HAL_TIMEx_BreakCallback
 .text.HAL_TIMEx_Break2Callback
                0x0000000008004360       0x14 ./Drivers/STM32H7xx_HAL_Driver/Src/stm32h7xx_hal_tim_ex.o
                0x0000000008004360                HAL_TIMEx_Break2Callback
 .text.HAL_UART_Init
                0x0000000008004374       0xa0 ./Drivers/STM32H7xx_HAL_Driver/Src/stm32h7xx_hal_uart.o
                0x0000000008004374                HAL_UART_Init
 .text.HAL_UART_Transmit
                0x0000000008004414      0x12c ./Drivers/STM32H7xx_HAL_Driver/Src/stm32h7xx_hal_uart.o
                0x0000000008004414                HAL_UART_Transmit
 .text.HAL_UART_Receive
                0x0000000008004540      0x1a6 ./Drivers/STM32H7xx_HAL_Driver/Src/stm32h7xx_hal_uart.o
                0x0000000008004540                HAL_UART_Receive
 *fill*         0x00000000080046e6        0x2 
 .text.UART_SetConfig
                0x00000000080046e8      0xcbc ./Drivers/STM32H7xx_HAL_Driver/Src/stm32h7xx_hal_uart.o
                0x00000000080046e8                UART_SetConfig
 .text.UART_AdvFeatureConfig
                0x00000000080053a4      0x144 ./Drivers/STM32H7xx_HAL_Driver/Src/stm32h7xx_hal_uart.o
                0x00000000080053a4                UART_AdvFeatureConfig
 .text.UART_CheckIdleState
                0x00000000080054e8       0x96 ./Drivers/STM32H7xx_HAL_Driver/Src/stm32h7xx_hal_uart.o
                0x00000000080054e8                UART_CheckIdleState
 .text.UART_WaitOnFlagUntilTimeout
                0x000000000800557e      0x190 ./Drivers/STM32H7xx_HAL_Driver/Src/stm32h7xx_hal_uart.o
                0x000000000800557e                UART_WaitOnFlagUntilTimeout
 .text.HAL_UARTEx_DisableFifoMode
                0x000000000800570e       0x72 ./Drivers/STM32H7xx_HAL_Driver/Src/stm32h7xx_hal_uart_ex.o
                0x000000000800570e                HAL_UARTEx_DisableFifoMode
 .text.HAL_UARTEx_SetTxFifoThreshold
                0x0000000008005780       0x7c ./Drivers/STM32H7xx_HAL_Driver/Src/stm32h7xx_hal_uart_ex.o
                0x0000000008005780                HAL_UARTEx_SetTxFifoThreshold
 .text.HAL_UARTEx_SetRxFifoThreshold
                0x00000000080057fc       0x7c ./Drivers/STM32H7xx_HAL_Driver/Src/stm32h7xx_hal_uart_ex.o
                0x00000000080057fc                HAL_UARTEx_SetRxFifoThreshold
 .text.UARTEx_SetNbDataToProcess
                0x0000000008005878       0x9c ./Drivers/STM32H7xx_HAL_Driver/Src/stm32h7xx_hal_uart_ex.o
 .text.__NVIC_SetPriority
                0x0000000008005914       0x54 ./Middlewares/Third_Party/FreeRTOS/Source/CMSIS_RTOS_V2/cmsis_os2.o
 .text.SysTick_Handler
                0x0000000008005968       0x20 ./Middlewares/Third_Party/FreeRTOS/Source/CMSIS_RTOS_V2/cmsis_os2.o
                0x0000000008005968                SysTick_Handler
 .text.SVC_Setup
                0x0000000008005988       0x12 ./Middlewares/Third_Party/FreeRTOS/Source/CMSIS_RTOS_V2/cmsis_os2.o
 *fill*         0x000000000800599a        0x2 
 .text.osKernelInitialize
                0x000000000800599c       0x48 ./Middlewares/Third_Party/FreeRTOS/Source/CMSIS_RTOS_V2/cmsis_os2.o
                0x000000000800599c                osKernelInitialize
 .text.osKernelStart
                0x00000000080059e4       0x4c ./Middlewares/Third_Party/FreeRTOS/Source/CMSIS_RTOS_V2/cmsis_os2.o
                0x00000000080059e4                osKernelStart
 .text.osThreadNew
                0x0000000008005a30      0x124 ./Middlewares/Third_Party/FreeRTOS/Source/CMSIS_RTOS_V2/cmsis_os2.o
                0x0000000008005a30                osThreadNew
 .text.osDelay  0x0000000008005b54       0x36 ./Middlewares/Third_Party/FreeRTOS/Source/CMSIS_RTOS_V2/cmsis_os2.o
                0x0000000008005b54                osDelay
 .text.osMessageQueueNew
                0x0000000008005b8a       0xe6 ./Middlewares/Third_Party/FreeRTOS/Source/CMSIS_RTOS_V2/cmsis_os2.o
                0x0000000008005b8a                osMessageQueueNew
 .text.osMessageQueuePut
                0x0000000008005c70       0xc0 ./Middlewares/Third_Party/FreeRTOS/Source/CMSIS_RTOS_V2/cmsis_os2.o
                0x0000000008005c70                osMessageQueuePut
 .text.osMessageQueueGet
                0x0000000008005d30       0xbc ./Middlewares/Third_Party/FreeRTOS/Source/CMSIS_RTOS_V2/cmsis_os2.o
                0x0000000008005d30                osMessageQueueGet
 .text.vApplicationGetIdleTaskMemory
                0x0000000008005dec       0x34 ./Middlewares/Third_Party/FreeRTOS/Source/CMSIS_RTOS_V2/cmsis_os2.o
                0x0000000008005dec                vApplicationGetIdleTaskMemory
 .text.vApplicationGetTimerTaskMemory
                0x0000000008005e20       0x34 ./Middlewares/Third_Party/FreeRTOS/Source/CMSIS_RTOS_V2/cmsis_os2.o
                0x0000000008005e20                vApplicationGetTimerTaskMemory
 .text.vListInitialise
                0x0000000008005e54       0x40 ./Middlewares/Third_Party/FreeRTOS/Source/list.o
                0x0000000008005e54                vListInitialise
 .text.vListInitialiseItem
                0x0000000008005e94       0x1a ./Middlewares/Third_Party/FreeRTOS/Source/list.o
                0x0000000008005e94                vListInitialiseItem
 .text.vListInsertEnd
                0x0000000008005eae       0x48 ./Middlewares/Third_Party/FreeRTOS/Source/list.o
                0x0000000008005eae                vListInsertEnd
 .text.vListInsert
                0x0000000008005ef6       0x72 ./Middlewares/Third_Party/FreeRTOS/Source/list.o
                0x0000000008005ef6                vListInsert
 .text.uxListRemove
                0x0000000008005f68       0x54 ./Middlewares/Third_Party/FreeRTOS/Source/list.o
                0x0000000008005f68                uxListRemove
 .text.xQueueGenericReset
                0x0000000008005fbc       0xd0 ./Middlewares/Third_Party/FreeRTOS/Source/queue.o
                0x0000000008005fbc                xQueueGenericReset
 .text.xQueueGenericCreateStatic
                0x000000000800608c       0xf0 ./Middlewares/Third_Party/FreeRTOS/Source/queue.o
                0x000000000800608c                xQueueGenericCreateStatic
 .text.xQueueGenericCreate
                0x000000000800617c       0x74 ./Middlewares/Third_Party/FreeRTOS/Source/queue.o
                0x000000000800617c                xQueueGenericCreate
 .text.prvInitialiseNewQueue
                0x00000000080061f0       0x46 ./Middlewares/Third_Party/FreeRTOS/Source/queue.o
 *fill*         0x0000000008006236        0x2 
 .text.xQueueGenericSend
                0x0000000008006238      0x1fc ./Middlewares/Third_Party/FreeRTOS/Source/queue.o
                0x0000000008006238                xQueueGenericSend
 .text.xQueueGenericSendFromISR
                0x0000000008006434      0x136 ./Middlewares/Third_Party/FreeRTOS/Source/queue.o
                0x0000000008006434                xQueueGenericSendFromISR
 *fill*         0x000000000800656a        0x2 
 .text.xQueueReceive
                0x000000000800656c      0x1c0 ./Middlewares/Third_Party/FreeRTOS/Source/queue.o
                0x000000000800656c                xQueueReceive
 .text.xQueueReceiveFromISR
                0x000000000800672c      0x100 ./Middlewares/Third_Party/FreeRTOS/Source/queue.o
                0x000000000800672c                xQueueReceiveFromISR
 .text.prvCopyDataToQueue
                0x000000000800682c       0xd4 ./Middlewares/Third_Party/FreeRTOS/Source/queue.o
 .text.prvCopyDataFromQueue
                0x0000000008006900       0x4c ./Middlewares/Third_Party/FreeRTOS/Source/queue.o
 .text.prvUnlockQueue
                0x000000000800694c       0xa4 ./Middlewares/Third_Party/FreeRTOS/Source/queue.o
 .text.prvIsQueueEmpty
                0x00000000080069f0       0x2c ./Middlewares/Third_Party/FreeRTOS/Source/queue.o
 .text.prvIsQueueFull
                0x0000000008006a1c       0x30 ./Middlewares/Third_Party/FreeRTOS/Source/queue.o
 .text.vQueueAddToRegistry
                0x0000000008006a4c       0x54 ./Middlewares/Third_Party/FreeRTOS/Source/queue.o
                0x0000000008006a4c                vQueueAddToRegistry
 .text.vQueueWaitForMessageRestricted
                0x0000000008006aa0       0x68 ./Middlewares/Third_Party/FreeRTOS/Source/queue.o
                0x0000000008006aa0                vQueueWaitForMessageRestricted
 .text.xTaskCreateStatic
                0x0000000008006b08       0xba ./Middlewares/Third_Party/FreeRTOS/Source/tasks.o
                0x0000000008006b08                xTaskCreateStatic
 .text.xTaskCreate
                0x0000000008006bc2       0x8a ./Middlewares/Third_Party/FreeRTOS/Source/tasks.o
                0x0000000008006bc2                xTaskCreate
 .text.prvInitialiseNewTask
                0x0000000008006c4c      0x14c ./Middlewares/Third_Party/FreeRTOS/Source/tasks.o
 .text.prvAddNewTaskToReadyList
                0x0000000008006d98       0xe0 ./Middlewares/Third_Party/FreeRTOS/Source/tasks.o
 .text.vTaskDelay
                0x0000000008006e78       0x68 ./Middlewares/Third_Party/FreeRTOS/Source/tasks.o
                0x0000000008006e78                vTaskDelay
 .text.vTaskStartScheduler
                0x0000000008006ee0       0xe0 ./Middlewares/Third_Party/FreeRTOS/Source/tasks.o
                0x0000000008006ee0                vTaskStartScheduler
 .text.vTaskSuspendAll
                0x0000000008006fc0       0x1c ./Middlewares/Third_Party/FreeRTOS/Source/tasks.o
                0x0000000008006fc0                vTaskSuspendAll
 .text.xTaskResumeAll
                0x0000000008006fdc      0x13c ./Middlewares/Third_Party/FreeRTOS/Source/tasks.o
                0x0000000008006fdc                xTaskResumeAll
 .text.xTaskGetTickCount
                0x0000000008007118       0x20 ./Middlewares/Third_Party/FreeRTOS/Source/tasks.o
                0x0000000008007118                xTaskGetTickCount
 .text.xTaskIncrementTick
                0x0000000008007138      0x174 ./Middlewares/Third_Party/FreeRTOS/Source/tasks.o
                0x0000000008007138                xTaskIncrementTick
 .text.vTaskSwitchContext
                0x00000000080072ac       0xc8 ./Middlewares/Third_Party/FreeRTOS/Source/tasks.o
                0x00000000080072ac                vTaskSwitchContext
 .text.vTaskPlaceOnEventList
                0x0000000008007374       0x48 ./Middlewares/Third_Party/FreeRTOS/Source/tasks.o
                0x0000000008007374                vTaskPlaceOnEventList
 .text.vTaskPlaceOnEventListRestricted
                0x00000000080073bc       0x58 ./Middlewares/Third_Party/FreeRTOS/Source/tasks.o
                0x00000000080073bc                vTaskPlaceOnEventListRestricted
 .text.xTaskRemoveFromEventList
                0x0000000008007414       0xc8 ./Middlewares/Third_Party/FreeRTOS/Source/tasks.o
                0x0000000008007414                xTaskRemoveFromEventList
 .text.vTaskInternalSetTimeOutState
                0x00000000080074dc       0x2c ./Middlewares/Third_Party/FreeRTOS/Source/tasks.o
                0x00000000080074dc                vTaskInternalSetTimeOutState
 .text.xTaskCheckForTimeOut
                0x0000000008007508       0xc4 ./Middlewares/Third_Party/FreeRTOS/Source/tasks.o
                0x0000000008007508                xTaskCheckForTimeOut
 .text.vTaskMissedYield
                0x00000000080075cc       0x18 ./Middlewares/Third_Party/FreeRTOS/Source/tasks.o
                0x00000000080075cc                vTaskMissedYield
 .text.prvIdleTask
                0x00000000080075e4       0x30 ./Middlewares/Third_Party/FreeRTOS/Source/tasks.o
 .text.prvInitialiseTaskLists
                0x0000000008007614       0x80 ./Middlewares/Third_Party/FreeRTOS/Source/tasks.o
 .text.prvCheckTasksWaitingTermination
                0x0000000008007694       0x5c ./Middlewares/Third_Party/FreeRTOS/Source/tasks.o
 .text.prvDeleteTCB
                0x00000000080076f0       0x68 ./Middlewares/Third_Party/FreeRTOS/Source/tasks.o
 .text.prvResetNextTaskUnblockTime
                0x0000000008007758       0x40 ./Middlewares/Third_Party/FreeRTOS/Source/tasks.o
 .text.xTaskGetSchedulerState
                0x0000000008007798       0x3c ./Middlewares/Third_Party/FreeRTOS/Source/tasks.o
                0x0000000008007798                xTaskGetSchedulerState
 .text.xTaskPriorityDisinherit
                0x00000000080077d4       0xdc ./Middlewares/Third_Party/FreeRTOS/Source/tasks.o
                0x00000000080077d4                xTaskPriorityDisinherit
 .text.prvAddCurrentTaskToDelayedList
                0x00000000080078b0       0xa8 ./Middlewares/Third_Party/FreeRTOS/Source/tasks.o
 .text.xTimerCreateTimerTask
                0x0000000008007958       0x90 ./Middlewares/Third_Party/FreeRTOS/Source/timers.o
                0x0000000008007958                xTimerCreateTimerTask
 .text.xTimerGenericCommand
                0x00000000080079e8       0x9c ./Middlewares/Third_Party/FreeRTOS/Source/timers.o
                0x00000000080079e8                xTimerGenericCommand
 .text.prvProcessExpiredTimer
                0x0000000008007a84       0x98 ./Middlewares/Third_Party/FreeRTOS/Source/timers.o
 .text.prvTimerTask
                0x0000000008007b1c       0x24 ./Middlewares/Third_Party/FreeRTOS/Source/timers.o
 .text.prvProcessTimerOrBlockTask
                0x0000000008007b40       0x9c ./Middlewares/Third_Party/FreeRTOS/Source/timers.o
 .text.prvGetNextExpireTime
                0x0000000008007bdc       0x48 ./Middlewares/Third_Party/FreeRTOS/Source/timers.o
 .text.prvSampleTimeNow
                0x0000000008007c24       0x40 ./Middlewares/Third_Party/FreeRTOS/Source/timers.o
 .text.prvInsertTimerInActiveList
                0x0000000008007c64       0x84 ./Middlewares/Third_Party/FreeRTOS/Source/timers.o
 .text.prvProcessReceivedCommands
                0x0000000008007ce8      0x1c4 ./Middlewares/Third_Party/FreeRTOS/Source/timers.o
 .text.prvSwitchTimerLists
                0x0000000008007eac       0xc8 ./Middlewares/Third_Party/FreeRTOS/Source/timers.o
 .text.prvCheckForValidListAndQueue
                0x0000000008007f74       0x80 ./Middlewares/Third_Party/FreeRTOS/Source/timers.o
 .text.pxPortInitialiseStack
                0x0000000008007ff4       0x68 ./Middlewares/Third_Party/FreeRTOS/Source/portable/GCC/ARM_CM4F/port.o
                0x0000000008007ff4                pxPortInitialiseStack
 .text.prvTaskExitError
                0x000000000800805c       0x58 ./Middlewares/Third_Party/FreeRTOS/Source/portable/GCC/ARM_CM4F/port.o
 *fill*         0x00000000080080b4        0xc 
 .text.SVC_Handler
                0x00000000080080c0       0x28 ./Middlewares/Third_Party/FreeRTOS/Source/portable/GCC/ARM_CM4F/port.o
                0x00000000080080c0                SVC_Handler
 .text.prvPortStartFirstTask
                0x00000000080080e8       0x28 ./Middlewares/Third_Party/FreeRTOS/Source/portable/GCC/ARM_CM4F/port.o
 .text.xPortStartScheduler
                0x0000000008008110      0x144 ./Middlewares/Third_Party/FreeRTOS/Source/portable/GCC/ARM_CM4F/port.o
                0x0000000008008110                xPortStartScheduler
 .text.vPortEnterCritical
                0x0000000008008254       0x60 ./Middlewares/Third_Party/FreeRTOS/Source/portable/GCC/ARM_CM4F/port.o
                0x0000000008008254                vPortEnterCritical
 .text.vPortExitCritical
                0x00000000080082b4       0x54 ./Middlewares/Third_Party/FreeRTOS/Source/portable/GCC/ARM_CM4F/port.o
                0x00000000080082b4                vPortExitCritical
 *fill*         0x0000000008008308        0x8 
 .text.PendSV_Handler
                0x0000000008008310       0x68 ./Middlewares/Third_Party/FreeRTOS/Source/portable/GCC/ARM_CM4F/port.o
                0x0000000008008310                PendSV_Handler
 .text.xPortSysTickHandler
                0x0000000008008378       0x44 ./Middlewares/Third_Party/FreeRTOS/Source/portable/GCC/ARM_CM4F/port.o
                0x0000000008008378                xPortSysTickHandler
 .text.vPortSetupTimerInterrupt
                0x00000000080083bc       0x48 ./Middlewares/Third_Party/FreeRTOS/Source/portable/GCC/ARM_CM4F/port.o
                0x00000000080083bc                vPortSetupTimerInterrupt
 .text.vPortEnableVFP
                0x0000000008008404       0x14 ./Middlewares/Third_Party/FreeRTOS/Source/portable/GCC/ARM_CM4F/port.o
 .text.vPortValidateInterruptPriority
                0x0000000008008418       0x80 ./Middlewares/Third_Party/FreeRTOS/Source/portable/GCC/ARM_CM4F/port.o
                0x0000000008008418                vPortValidateInterruptPriority
 .text.pvPortMalloc
                0x0000000008008498      0x198 ./Middlewares/Third_Party/FreeRTOS/Source/portable/MemMang/heap_4.o
                0x0000000008008498                pvPortMalloc
 .text.vPortFree
                0x0000000008008630       0xc4 ./Middlewares/Third_Party/FreeRTOS/Source/portable/MemMang/heap_4.o
                0x0000000008008630                vPortFree
 .text.prvHeapInit
                0x00000000080086f4       0xc4 ./Middlewares/Third_Party/FreeRTOS/Source/portable/MemMang/heap_4.o
 .text.prvInsertBlockIntoFreeList
                0x00000000080087b8       0xb4 ./Middlewares/Third_Party/FreeRTOS/Source/portable/MemMang/heap_4.o
 .text.atoi     0x000000000800886c        0x8 /home/spencer/st/stm32cubeide_1.7.0_2/plugins/com.st.stm32cube.ide.mcu.externaltools.gnu-tools-for-stm32.9-2020-q2-update.linux64_2.0.0.202105311346/tools/bin/../lib/gcc/arm-none-eabi/9.3.1/../../../../arm-none-eabi/lib/thumb/v7e-m+dp/hard/libc_nano.a(lib_a-atoi.o)
                0x000000000800886c                atoi
 .text.__errno  0x0000000008008874        0xc /home/spencer/st/stm32cubeide_1.7.0_2/plugins/com.st.stm32cube.ide.mcu.externaltools.gnu-tools-for-stm32.9-2020-q2-update.linux64_2.0.0.202105311346/tools/bin/../lib/gcc/arm-none-eabi/9.3.1/../../../../arm-none-eabi/lib/thumb/v7e-m+dp/hard/libc_nano.a(lib_a-errno.o)
                0x0000000008008874                __errno
 .text.__libc_init_array
                0x0000000008008880       0x48 /home/spencer/st/stm32cubeide_1.7.0_2/plugins/com.st.stm32cube.ide.mcu.externaltools.gnu-tools-for-stm32.9-2020-q2-update.linux64_2.0.0.202105311346/tools/bin/../lib/gcc/arm-none-eabi/9.3.1/../../../../arm-none-eabi/lib/thumb/v7e-m+dp/hard/libc_nano.a(lib_a-init.o)
                0x0000000008008880                __libc_init_array
 .text.__retarget_lock_acquire_recursive
                0x00000000080088c8        0x2 /home/spencer/st/stm32cubeide_1.7.0_2/plugins/com.st.stm32cube.ide.mcu.externaltools.gnu-tools-for-stm32.9-2020-q2-update.linux64_2.0.0.202105311346/tools/bin/../lib/gcc/arm-none-eabi/9.3.1/../../../../arm-none-eabi/lib/thumb/v7e-m+dp/hard/libc_nano.a(lib_a-lock.o)
                0x00000000080088c8                __retarget_lock_acquire_recursive
 .text.__retarget_lock_release_recursive
                0x00000000080088ca        0x2 /home/spencer/st/stm32cubeide_1.7.0_2/plugins/com.st.stm32cube.ide.mcu.externaltools.gnu-tools-for-stm32.9-2020-q2-update.linux64_2.0.0.202105311346/tools/bin/../lib/gcc/arm-none-eabi/9.3.1/../../../../arm-none-eabi/lib/thumb/v7e-m+dp/hard/libc_nano.a(lib_a-lock.o)
                0x00000000080088ca                __retarget_lock_release_recursive
 .text.memcpy   0x00000000080088cc       0x1c /home/spencer/st/stm32cubeide_1.7.0_2/plugins/com.st.stm32cube.ide.mcu.externaltools.gnu-tools-for-stm32.9-2020-q2-update.linux64_2.0.0.202105311346/tools/bin/../lib/gcc/arm-none-eabi/9.3.1/../../../../arm-none-eabi/lib/thumb/v7e-m+dp/hard/libc_nano.a(lib_a-memcpy-stub.o)
                0x00000000080088cc                memcpy
 .text.memset   0x00000000080088e8       0x10 /home/spencer/st/stm32cubeide_1.7.0_2/plugins/com.st.stm32cube.ide.mcu.externaltools.gnu-tools-for-stm32.9-2020-q2-update.linux64_2.0.0.202105311346/tools/bin/../lib/gcc/arm-none-eabi/9.3.1/../../../../arm-none-eabi/lib/thumb/v7e-m+dp/hard/libc_nano.a(lib_a-memset.o)
                0x00000000080088e8                memset
 .text._malloc_r
                0x00000000080088f8       0xb4 /home/spencer/st/stm32cubeide_1.7.0_2/plugins/com.st.stm32cube.ide.mcu.externaltools.gnu-tools-for-stm32.9-2020-q2-update.linux64_2.0.0.202105311346/tools/bin/../lib/gcc/arm-none-eabi/9.3.1/../../../../arm-none-eabi/lib/thumb/v7e-m+dp/hard/libc_nano.a(lib_a-nano-mallocr.o)
                0x00000000080088f8                _malloc_r
 .text.cleanup_glue
                0x00000000080089ac       0x1a /home/spencer/st/stm32cubeide_1.7.0_2/plugins/com.st.stm32cube.ide.mcu.externaltools.gnu-tools-for-stm32.9-2020-q2-update.linux64_2.0.0.202105311346/tools/bin/../lib/gcc/arm-none-eabi/9.3.1/../../../../arm-none-eabi/lib/thumb/v7e-m+dp/hard/libc_nano.a(lib_a-reent.o)
                0x00000000080089ac                cleanup_glue
 *fill*         0x00000000080089c6        0x2 
 .text._reclaim_reent
                0x00000000080089c8       0xb8 /home/spencer/st/stm32cubeide_1.7.0_2/plugins/com.st.stm32cube.ide.mcu.externaltools.gnu-tools-for-stm32.9-2020-q2-update.linux64_2.0.0.202105311346/tools/bin/../lib/gcc/arm-none-eabi/9.3.1/../../../../arm-none-eabi/lib/thumb/v7e-m+dp/hard/libc_nano.a(lib_a-reent.o)
                0x00000000080089c8                _reclaim_reent
 .text._sbrk_r  0x0000000008008a80       0x20 /home/spencer/st/stm32cubeide_1.7.0_2/plugins/com.st.stm32cube.ide.mcu.externaltools.gnu-tools-for-stm32.9-2020-q2-update.linux64_2.0.0.202105311346/tools/bin/../lib/gcc/arm-none-eabi/9.3.1/../../../../arm-none-eabi/lib/thumb/v7e-m+dp/hard/libc_nano.a(lib_a-sbrkr.o)
                0x0000000008008a80                _sbrk_r
 .text.sprintf  0x0000000008008aa0       0x40 /home/spencer/st/stm32cubeide_1.7.0_2/plugins/com.st.stm32cube.ide.mcu.externaltools.gnu-tools-for-stm32.9-2020-q2-update.linux64_2.0.0.202105311346/tools/bin/../lib/gcc/arm-none-eabi/9.3.1/../../../../arm-none-eabi/lib/thumb/v7e-m+dp/hard/libc_nano.a(lib_a-sprintf.o)
                0x0000000008008aa0                sprintf
                0x0000000008008aa0                siprintf
 .text.strstr   0x0000000008008ae0       0x2e /home/spencer/st/stm32cubeide_1.7.0_2/plugins/com.st.stm32cube.ide.mcu.externaltools.gnu-tools-for-stm32.9-2020-q2-update.linux64_2.0.0.202105311346/tools/bin/../lib/gcc/arm-none-eabi/9.3.1/../../../../arm-none-eabi/lib/thumb/v7e-m+dp/hard/libc_nano.a(lib_a-strstr.o)
                0x0000000008008ae0                strstr
 *fill*         0x0000000008008b0e        0x2 
 .text._strtol_l.isra.0
                0x0000000008008b10      0x108 /home/spencer/st/stm32cubeide_1.7.0_2/plugins/com.st.stm32cube.ide.mcu.externaltools.gnu-tools-for-stm32.9-2020-q2-update.linux64_2.0.0.202105311346/tools/bin/../lib/gcc/arm-none-eabi/9.3.1/../../../../arm-none-eabi/lib/thumb/v7e-m+dp/hard/libc_nano.a(lib_a-strtol.o)
 .text.strtol   0x0000000008008c18       0x14 /home/spencer/st/stm32cubeide_1.7.0_2/plugins/com.st.stm32cube.ide.mcu.externaltools.gnu-tools-for-stm32.9-2020-q2-update.linux64_2.0.0.202105311346/tools/bin/../lib/gcc/arm-none-eabi/9.3.1/../../../../arm-none-eabi/lib/thumb/v7e-m+dp/hard/libc_nano.a(lib_a-strtol.o)
                0x0000000008008c18                strtol
 .text.__malloc_lock
                0x0000000008008c2c        0xc /home/spencer/st/stm32cubeide_1.7.0_2/plugins/com.st.stm32cube.ide.mcu.externaltools.gnu-tools-for-stm32.9-2020-q2-update.linux64_2.0.0.202105311346/tools/bin/../lib/gcc/arm-none-eabi/9.3.1/../../../../arm-none-eabi/lib/thumb/v7e-m+dp/hard/libc_nano.a(lib_a-mlock.o)
                0x0000000008008c2c                __malloc_lock
 .text.__malloc_unlock
                0x0000000008008c38        0xc /home/spencer/st/stm32cubeide_1.7.0_2/plugins/com.st.stm32cube.ide.mcu.externaltools.gnu-tools-for-stm32.9-2020-q2-update.linux64_2.0.0.202105311346/tools/bin/../lib/gcc/arm-none-eabi/9.3.1/../../../../arm-none-eabi/lib/thumb/v7e-m+dp/hard/libc_nano.a(lib_a-mlock.o)
                0x0000000008008c38                __malloc_unlock
 .text._free_r  0x0000000008008c44       0xa0 /home/spencer/st/stm32cubeide_1.7.0_2/plugins/com.st.stm32cube.ide.mcu.externaltools.gnu-tools-for-stm32.9-2020-q2-update.linux64_2.0.0.202105311346/tools/bin/../lib/gcc/arm-none-eabi/9.3.1/../../../../arm-none-eabi/lib/thumb/v7e-m+dp/hard/libc_nano.a(lib_a-nano-freer.o)
                0x0000000008008c44                _free_r
 .text.__ssputs_r
                0x0000000008008ce4       0xb6 /home/spencer/st/stm32cubeide_1.7.0_2/plugins/com.st.stm32cube.ide.mcu.externaltools.gnu-tools-for-stm32.9-2020-q2-update.linux64_2.0.0.202105311346/tools/bin/../lib/gcc/arm-none-eabi/9.3.1/../../../../arm-none-eabi/lib/thumb/v7e-m+dp/hard/libc_nano.a(lib_a-nano-svfprintf.o)
                0x0000000008008ce4                __ssputs_r
 *fill*         0x0000000008008d9a        0x2 
 .text._svfprintf_r
                0x0000000008008d9c      0x200 /home/spencer/st/stm32cubeide_1.7.0_2/plugins/com.st.stm32cube.ide.mcu.externaltools.gnu-tools-for-stm32.9-2020-q2-update.linux64_2.0.0.202105311346/tools/bin/../lib/gcc/arm-none-eabi/9.3.1/../../../../arm-none-eabi/lib/thumb/v7e-m+dp/hard/libc_nano.a(lib_a-nano-svfprintf.o)
                0x0000000008008d9c                _svfprintf_r
                0x0000000008008d9c                _svfiprintf_r
 .text._printf_common
                0x0000000008008f9c       0xda /home/spencer/st/stm32cubeide_1.7.0_2/plugins/com.st.stm32cube.ide.mcu.externaltools.gnu-tools-for-stm32.9-2020-q2-update.linux64_2.0.0.202105311346/tools/bin/../lib/gcc/arm-none-eabi/9.3.1/../../../../arm-none-eabi/lib/thumb/v7e-m+dp/hard/libc_nano.a(lib_a-nano-vfprintf_i.o)
                0x0000000008008f9c                _printf_common
 *fill*         0x0000000008009076        0x2 
 .text._printf_i
                0x0000000008009078      0x24c /home/spencer/st/stm32cubeide_1.7.0_2/plugins/com.st.stm32cube.ide.mcu.externaltools.gnu-tools-for-stm32.9-2020-q2-update.linux64_2.0.0.202105311346/tools/bin/../lib/gcc/arm-none-eabi/9.3.1/../../../../arm-none-eabi/lib/thumb/v7e-m+dp/hard/libc_nano.a(lib_a-nano-vfprintf_i.o)
                0x0000000008009078                _printf_i
 .text.memmove  0x00000000080092c4       0x34 /home/spencer/st/stm32cubeide_1.7.0_2/plugins/com.st.stm32cube.ide.mcu.externaltools.gnu-tools-for-stm32.9-2020-q2-update.linux64_2.0.0.202105311346/tools/bin/../lib/gcc/arm-none-eabi/9.3.1/../../../../arm-none-eabi/lib/thumb/v7e-m+dp/hard/libc_nano.a(lib_a-memmove.o)
                0x00000000080092c4                memmove
 .text._realloc_r
                0x00000000080092f8       0x4c /home/spencer/st/stm32cubeide_1.7.0_2/plugins/com.st.stm32cube.ide.mcu.externaltools.gnu-tools-for-stm32.9-2020-q2-update.linux64_2.0.0.202105311346/tools/bin/../lib/gcc/arm-none-eabi/9.3.1/../../../../arm-none-eabi/lib/thumb/v7e-m+dp/hard/libc_nano.a(lib_a-nano-reallocr.o)
                0x00000000080092f8                _realloc_r
 .text._malloc_usable_size_r
                0x0000000008009344       0x10 /home/spencer/st/stm32cubeide_1.7.0_2/plugins/com.st.stm32cube.ide.mcu.externaltools.gnu-tools-for-stm32.9-2020-q2-update.linux64_2.0.0.202105311346/tools/bin/../lib/gcc/arm-none-eabi/9.3.1/../../../../arm-none-eabi/lib/thumb/v7e-m+dp/hard/libc_nano.a(lib_a-nano-msizer.o)
                0x0000000008009344                _malloc_usable_size_r
 *(.glue_7)
 .glue_7        0x0000000008009354        0x0 linker stubs
 *(.glue_7t)
 .glue_7t       0x0000000008009354        0x0 linker stubs
 *(.eh_frame)
 .eh_frame      0x0000000008009354        0x0 /home/spencer/st/stm32cubeide_1.7.0_2/plugins/com.st.stm32cube.ide.mcu.externaltools.gnu-tools-for-stm32.9-2020-q2-update.linux64_2.0.0.202105311346/tools/bin/../lib/gcc/arm-none-eabi/9.3.1/thumb/v7e-m+dp/hard/crtbegin.o
 *(.init)
 .init          0x0000000008009354        0x4 /home/spencer/st/stm32cubeide_1.7.0_2/plugins/com.st.stm32cube.ide.mcu.externaltools.gnu-tools-for-stm32.9-2020-q2-update.linux64_2.0.0.202105311346/tools/bin/../lib/gcc/arm-none-eabi/9.3.1/thumb/v7e-m+dp/hard/crti.o
                0x0000000008009354                _init
 .init          0x0000000008009358        0x8 /home/spencer/st/stm32cubeide_1.7.0_2/plugins/com.st.stm32cube.ide.mcu.externaltools.gnu-tools-for-stm32.9-2020-q2-update.linux64_2.0.0.202105311346/tools/bin/../lib/gcc/arm-none-eabi/9.3.1/thumb/v7e-m+dp/hard/crtn.o
 *(.fini)
 .fini          0x0000000008009360        0x4 /home/spencer/st/stm32cubeide_1.7.0_2/plugins/com.st.stm32cube.ide.mcu.externaltools.gnu-tools-for-stm32.9-2020-q2-update.linux64_2.0.0.202105311346/tools/bin/../lib/gcc/arm-none-eabi/9.3.1/thumb/v7e-m+dp/hard/crti.o
                0x0000000008009360                _fini
 .fini          0x0000000008009364        0x8 /home/spencer/st/stm32cubeide_1.7.0_2/plugins/com.st.stm32cube.ide.mcu.externaltools.gnu-tools-for-stm32.9-2020-q2-update.linux64_2.0.0.202105311346/tools/bin/../lib/gcc/arm-none-eabi/9.3.1/thumb/v7e-m+dp/hard/crtn.o
                0x000000000800936c                . = ALIGN (0x4)
                0x000000000800936c                _etext = .

.vfp11_veneer   0x000000000800936c        0x0
 .vfp11_veneer  0x000000000800936c        0x0 linker stubs

.v4_bx          0x000000000800936c        0x0
 .v4_bx         0x000000000800936c        0x0 linker stubs

.iplt           0x000000000800936c        0x0
 .iplt          0x000000000800936c        0x0 /home/spencer/st/stm32cubeide_1.7.0_2/plugins/com.st.stm32cube.ide.mcu.externaltools.gnu-tools-for-stm32.9-2020-q2-update.linux64_2.0.0.202105311346/tools/bin/../lib/gcc/arm-none-eabi/9.3.1/thumb/v7e-m+dp/hard/crtbegin.o

.rodata         0x000000000800936c      0x310
                0x000000000800936c                . = ALIGN (0x4)
 *(.rodata)
 .rodata        0x000000000800936c       0x6b ./Core/Src/freertos.o
 *fill*         0x00000000080093d7        0x1 
 .rodata        0x00000000080093d8        0x5 ./Middlewares/Third_Party/FreeRTOS/Source/tasks.o
 *fill*         0x00000000080093dd        0x3 
 .rodata        0x00000000080093e0        0xd ./Middlewares/Third_Party/FreeRTOS/Source/timers.o
 *(.rodata*)
 *fill*         0x00000000080093ed        0x3 
 .rodata.CommandLine_attributes
                0x00000000080093f0       0x24 ./Core/Src/freertos.o
                0x00000000080093f0                CommandLine_attributes
 .rodata.Blinker1_attributes
                0x0000000008009414       0x24 ./Core/Src/freertos.o
                0x0000000008009414                Blinker1_attributes
 .rodata.Blinker2_attributes
                0x0000000008009438       0x24 ./Core/Src/freertos.o
                0x0000000008009438                Blinker2_attributes
 .rodata.Blinker3_attributes
                0x000000000800945c       0x24 ./Core/Src/freertos.o
                0x000000000800945c                Blinker3_attributes
 .rodata.CommandsToBlink_attributes
                0x0000000008009480       0x18 ./Core/Src/freertos.o
                0x0000000008009480                CommandsToBlink_attributes
 .rodata.times_blinked_attributes
                0x0000000008009498       0x18 ./Core/Src/freertos.o
                0x0000000008009498                times_blinked_attributes
 .rodata.D1CorePrescTable
                0x00000000080094b0       0x10 ./Core/Src/system_stm32h7xx.o
                0x00000000080094b0                D1CorePrescTable
 .rodata.UARTPrescTable
                0x00000000080094c0       0x18 ./Drivers/STM32H7xx_HAL_Driver/Src/stm32h7xx_hal_uart.o
                0x00000000080094c0                UARTPrescTable
 .rodata.numerator.10877
                0x00000000080094d8        0x8 ./Drivers/STM32H7xx_HAL_Driver/Src/stm32h7xx_hal_uart_ex.o
 .rodata.denominator.10878
                0x00000000080094e0        0x8 ./Drivers/STM32H7xx_HAL_Driver/Src/stm32h7xx_hal_uart_ex.o
 .rodata.__sf_fake_stderr
                0x00000000080094e8       0x20 /home/spencer/st/stm32cubeide_1.7.0_2/plugins/com.st.stm32cube.ide.mcu.externaltools.gnu-tools-for-stm32.9-2020-q2-update.linux64_2.0.0.202105311346/tools/bin/../lib/gcc/arm-none-eabi/9.3.1/../../../../arm-none-eabi/lib/thumb/v7e-m+dp/hard/libc_nano.a(lib_a-findfp.o)
                0x00000000080094e8                __sf_fake_stderr
 .rodata.__sf_fake_stdin
                0x0000000008009508       0x20 /home/spencer/st/stm32cubeide_1.7.0_2/plugins/com.st.stm32cube.ide.mcu.externaltools.gnu-tools-for-stm32.9-2020-q2-update.linux64_2.0.0.202105311346/tools/bin/../lib/gcc/arm-none-eabi/9.3.1/../../../../arm-none-eabi/lib/thumb/v7e-m+dp/hard/libc_nano.a(lib_a-findfp.o)
                0x0000000008009508                __sf_fake_stdin
 .rodata.__sf_fake_stdout
                0x0000000008009528       0x20 /home/spencer/st/stm32cubeide_1.7.0_2/plugins/com.st.stm32cube.ide.mcu.externaltools.gnu-tools-for-stm32.9-2020-q2-update.linux64_2.0.0.202105311346/tools/bin/../lib/gcc/arm-none-eabi/9.3.1/../../../../arm-none-eabi/lib/thumb/v7e-m+dp/hard/libc_nano.a(lib_a-findfp.o)
                0x0000000008009528                __sf_fake_stdout
 .rodata._ctype_
                0x0000000008009548      0x101 /home/spencer/st/stm32cubeide_1.7.0_2/plugins/com.st.stm32cube.ide.mcu.externaltools.gnu-tools-for-stm32.9-2020-q2-update.linux64_2.0.0.202105311346/tools/bin/../lib/gcc/arm-none-eabi/9.3.1/../../../../arm-none-eabi/lib/thumb/v7e-m+dp/hard/libc_nano.a(lib_a-ctype_.o)
                0x0000000008009548                _ctype_
 .rodata._svfprintf_r.str1.1
                0x0000000008009649       0x11 /home/spencer/st/stm32cubeide_1.7.0_2/plugins/com.st.stm32cube.ide.mcu.externaltools.gnu-tools-for-stm32.9-2020-q2-update.linux64_2.0.0.202105311346/tools/bin/../lib/gcc/arm-none-eabi/9.3.1/../../../../arm-none-eabi/lib/thumb/v7e-m+dp/hard/libc_nano.a(lib_a-nano-svfprintf.o)
 .rodata._printf_i.str1.1
                0x000000000800965a       0x22 /home/spencer/st/stm32cubeide_1.7.0_2/plugins/com.st.stm32cube.ide.mcu.externaltools.gnu-tools-for-stm32.9-2020-q2-update.linux64_2.0.0.202105311346/tools/bin/../lib/gcc/arm-none-eabi/9.3.1/../../../../arm-none-eabi/lib/thumb/v7e-m+dp/hard/libc_nano.a(lib_a-nano-vfprintf_i.o)
                0x000000000800967c                . = ALIGN (0x4)

.ARM.extab
 *(.ARM.extab* .gnu.linkonce.armextab.*)

.ARM            0x000000000800967c        0x8
                0x000000000800967c                __exidx_start = .
 *(.ARM.exidx*)
 .ARM.exidx     0x000000000800967c        0x8 /home/spencer/st/stm32cubeide_1.7.0_2/plugins/com.st.stm32cube.ide.mcu.externaltools.gnu-tools-for-stm32.9-2020-q2-update.linux64_2.0.0.202105311346/tools/bin/../lib/gcc/arm-none-eabi/9.3.1/thumb/v7e-m+dp/hard/libgcc.a(_udivmoddi4.o)
                0x0000000008009684                __exidx_end = .

.rel.dyn        0x0000000008009684        0x0
 .rel.iplt      0x0000000008009684        0x0 /home/spencer/st/stm32cubeide_1.7.0_2/plugins/com.st.stm32cube.ide.mcu.externaltools.gnu-tools-for-stm32.9-2020-q2-update.linux64_2.0.0.202105311346/tools/bin/../lib/gcc/arm-none-eabi/9.3.1/thumb/v7e-m+dp/hard/crtbegin.o

.preinit_array  0x0000000008009684        0x0
                0x0000000008009684                PROVIDE (__preinit_array_start = .)
 *(.preinit_array*)
                0x0000000008009684                PROVIDE (__preinit_array_end = .)

.init_array     0x0000000008009684        0x4
                0x0000000008009684                PROVIDE (__init_array_start = .)
 *(SORT_BY_NAME(.init_array.*))
 *(.init_array*)
 .init_array    0x0000000008009684        0x4 /home/spencer/st/stm32cubeide_1.7.0_2/plugins/com.st.stm32cube.ide.mcu.externaltools.gnu-tools-for-stm32.9-2020-q2-update.linux64_2.0.0.202105311346/tools/bin/../lib/gcc/arm-none-eabi/9.3.1/thumb/v7e-m+dp/hard/crtbegin.o
                0x0000000008009688                PROVIDE (__init_array_end = .)

.fini_array     0x0000000008009688        0x4
                [!provide]                        PROVIDE (__fini_array_start = .)
 *(SORT_BY_NAME(.fini_array.*))
 *(.fini_array*)
 .fini_array    0x0000000008009688        0x4 /home/spencer/st/stm32cubeide_1.7.0_2/plugins/com.st.stm32cube.ide.mcu.externaltools.gnu-tools-for-stm32.9-2020-q2-update.linux64_2.0.0.202105311346/tools/bin/../lib/gcc/arm-none-eabi/9.3.1/thumb/v7e-m+dp/hard/crtbegin.o
                [!provide]                        PROVIDE (__fini_array_end = .)
                0x000000000800968c                _sidata = LOADADDR (.data)

.data           0x0000000024000000       0x78 load address 0x000000000800968c
                0x0000000024000000                . = ALIGN (0x4)
                0x0000000024000000                _sdata = .
 *(.data)
 *(.data*)
 .data.SystemCoreClock
                0x0000000024000000        0x4 ./Core/Src/system_stm32h7xx.o
                0x0000000024000000                SystemCoreClock
 .data.SystemD2Clock
                0x0000000024000004        0x4 ./Core/Src/system_stm32h7xx.o
                0x0000000024000004                SystemD2Clock
 .data.uwTickPrio
                0x0000000024000008        0x4 ./Drivers/STM32H7xx_HAL_Driver/Src/stm32h7xx_hal.o
                0x0000000024000008                uwTickPrio
 .data.uwTickFreq
                0x000000002400000c        0x1 ./Drivers/STM32H7xx_HAL_Driver/Src/stm32h7xx_hal.o
                0x000000002400000c                uwTickFreq
 *fill*         0x000000002400000d        0x3 
 .data.uxCriticalNesting
                0x0000000024000010        0x4 ./Middlewares/Third_Party/FreeRTOS/Source/portable/GCC/ARM_CM4F/port.o
 .data._impure_ptr
                0x0000000024000014        0x4 /home/spencer/st/stm32cubeide_1.7.0_2/plugins/com.st.stm32cube.ide.mcu.externaltools.gnu-tools-for-stm32.9-2020-q2-update.linux64_2.0.0.202105311346/tools/bin/../lib/gcc/arm-none-eabi/9.3.1/../../../../arm-none-eabi/lib/thumb/v7e-m+dp/hard/libc_nano.a(lib_a-impure.o)
                0x0000000024000014                _impure_ptr
 .data.impure_data
                0x0000000024000018       0x60 /home/spencer/st/stm32cubeide_1.7.0_2/plugins/com.st.stm32cube.ide.mcu.externaltools.gnu-tools-for-stm32.9-2020-q2-update.linux64_2.0.0.202105311346/tools/bin/../lib/gcc/arm-none-eabi/9.3.1/../../../../arm-none-eabi/lib/thumb/v7e-m+dp/hard/libc_nano.a(lib_a-impure.o)
 *(.RamFunc)
 *(.RamFunc*)
                0x0000000024000078                . = ALIGN (0x4)
                0x0000000024000078                _edata = .

.igot.plt       0x0000000024000078        0x0 load address 0x0000000008009704
 .igot.plt      0x0000000024000078        0x0 /home/spencer/st/stm32cubeide_1.7.0_2/plugins/com.st.stm32cube.ide.mcu.externaltools.gnu-tools-for-stm32.9-2020-q2-update.linux64_2.0.0.202105311346/tools/bin/../lib/gcc/arm-none-eabi/9.3.1/thumb/v7e-m+dp/hard/crtbegin.o
                0x0000000024000078                . = ALIGN (0x4)

.bss            0x0000000024000078     0x4bb4 load address 0x0000000008009704
                0x0000000024000078                _sbss = .
                0x0000000024000078                __bss_start__ = _sbss
 *(.bss)
 .bss           0x0000000024000078       0x1c /home/spencer/st/stm32cubeide_1.7.0_2/plugins/com.st.stm32cube.ide.mcu.externaltools.gnu-tools-for-stm32.9-2020-q2-update.linux64_2.0.0.202105311346/tools/bin/../lib/gcc/arm-none-eabi/9.3.1/thumb/v7e-m+dp/hard/crtbegin.o
 *(.bss*)
 .bss.__sbrk_heap_end
                0x0000000024000094        0x4 ./Core/Src/sysmem.o
 .bss.KernelState
                0x0000000024000098        0x4 ./Middlewares/Third_Party/FreeRTOS/Source/CMSIS_RTOS_V2/cmsis_os2.o
 .bss.Idle_TCB.12561
                0x000000002400009c       0xbc ./Middlewares/Third_Party/FreeRTOS/Source/CMSIS_RTOS_V2/cmsis_os2.o
 .bss.Idle_Stack.12562
                0x0000000024000158      0x200 ./Middlewares/Third_Party/FreeRTOS/Source/CMSIS_RTOS_V2/cmsis_os2.o
 .bss.Timer_TCB.12568
                0x0000000024000358       0xbc ./Middlewares/Third_Party/FreeRTOS/Source/CMSIS_RTOS_V2/cmsis_os2.o
 .bss.Timer_Stack.12569
                0x0000000024000414      0x400 ./Middlewares/Third_Party/FreeRTOS/Source/CMSIS_RTOS_V2/cmsis_os2.o
 .bss.pxCurrentTCB
                0x0000000024000814        0x4 ./Middlewares/Third_Party/FreeRTOS/Source/tasks.o
                0x0000000024000814                pxCurrentTCB
 .bss.pxReadyTasksLists
                0x0000000024000818      0x460 ./Middlewares/Third_Party/FreeRTOS/Source/tasks.o
 .bss.xDelayedTaskList1
                0x0000000024000c78       0x14 ./Middlewares/Third_Party/FreeRTOS/Source/tasks.o
 .bss.xDelayedTaskList2
                0x0000000024000c8c       0x14 ./Middlewares/Third_Party/FreeRTOS/Source/tasks.o
 .bss.pxDelayedTaskList
                0x0000000024000ca0        0x4 ./Middlewares/Third_Party/FreeRTOS/Source/tasks.o
 .bss.pxOverflowDelayedTaskList
                0x0000000024000ca4        0x4 ./Middlewares/Third_Party/FreeRTOS/Source/tasks.o
 .bss.xPendingReadyList
                0x0000000024000ca8       0x14 ./Middlewares/Third_Party/FreeRTOS/Source/tasks.o
 .bss.xTasksWaitingTermination
                0x0000000024000cbc       0x14 ./Middlewares/Third_Party/FreeRTOS/Source/tasks.o
 .bss.uxDeletedTasksWaitingCleanUp
                0x0000000024000cd0        0x4 ./Middlewares/Third_Party/FreeRTOS/Source/tasks.o
 .bss.xSuspendedTaskList
                0x0000000024000cd4       0x14 ./Middlewares/Third_Party/FreeRTOS/Source/tasks.o
 .bss.uxCurrentNumberOfTasks
                0x0000000024000ce8        0x4 ./Middlewares/Third_Party/FreeRTOS/Source/tasks.o
 .bss.xTickCount
                0x0000000024000cec        0x4 ./Middlewares/Third_Party/FreeRTOS/Source/tasks.o
 .bss.uxTopReadyPriority
                0x0000000024000cf0        0x4 ./Middlewares/Third_Party/FreeRTOS/Source/tasks.o
 .bss.xSchedulerRunning
                0x0000000024000cf4        0x4 ./Middlewares/Third_Party/FreeRTOS/Source/tasks.o
 .bss.xPendedTicks
                0x0000000024000cf8        0x4 ./Middlewares/Third_Party/FreeRTOS/Source/tasks.o
 .bss.xYieldPending
                0x0000000024000cfc        0x4 ./Middlewares/Third_Party/FreeRTOS/Source/tasks.o
 .bss.xNumOfOverflows
                0x0000000024000d00        0x4 ./Middlewares/Third_Party/FreeRTOS/Source/tasks.o
 .bss.uxTaskNumber
                0x0000000024000d04        0x4 ./Middlewares/Third_Party/FreeRTOS/Source/tasks.o
 .bss.xNextTaskUnblockTime
                0x0000000024000d08        0x4 ./Middlewares/Third_Party/FreeRTOS/Source/tasks.o
 .bss.xIdleTaskHandle
                0x0000000024000d0c        0x4 ./Middlewares/Third_Party/FreeRTOS/Source/tasks.o
 .bss.uxSchedulerSuspended
                0x0000000024000d10        0x4 ./Middlewares/Third_Party/FreeRTOS/Source/tasks.o
 .bss.xActiveTimerList1
                0x0000000024000d14       0x14 ./Middlewares/Third_Party/FreeRTOS/Source/timers.o
 .bss.xActiveTimerList2
                0x0000000024000d28       0x14 ./Middlewares/Third_Party/FreeRTOS/Source/timers.o
 .bss.pxCurrentTimerList
                0x0000000024000d3c        0x4 ./Middlewares/Third_Party/FreeRTOS/Source/timers.o
 .bss.pxOverflowTimerList
                0x0000000024000d40        0x4 ./Middlewares/Third_Party/FreeRTOS/Source/timers.o
 .bss.xTimerQueue
                0x0000000024000d44        0x4 ./Middlewares/Third_Party/FreeRTOS/Source/timers.o
 .bss.xTimerTaskHandle
                0x0000000024000d48        0x4 ./Middlewares/Third_Party/FreeRTOS/Source/timers.o
 .bss.xLastTime.7010
                0x0000000024000d4c        0x4 ./Middlewares/Third_Party/FreeRTOS/Source/timers.o
 .bss.ucStaticTimerQueueStorage.7061
                0x0000000024000d50       0xa0 ./Middlewares/Third_Party/FreeRTOS/Source/timers.o
 .bss.xStaticTimerQueue.7060
                0x0000000024000df0       0x50 ./Middlewares/Third_Party/FreeRTOS/Source/timers.o
 .bss.ucMaxSysCallPriority
                0x0000000024000e40        0x1 ./Middlewares/Third_Party/FreeRTOS/Source/portable/GCC/ARM_CM4F/port.o
 *fill*         0x0000000024000e41        0x3 
 .bss.ulMaxPRIGROUPValue
                0x0000000024000e44        0x4 ./Middlewares/Third_Party/FreeRTOS/Source/portable/GCC/ARM_CM4F/port.o
 .bss.ucHeap    0x0000000024000e48     0x3c00 ./Middlewares/Third_Party/FreeRTOS/Source/portable/MemMang/heap_4.o
 .bss.xStart    0x0000000024004a48        0x8 ./Middlewares/Third_Party/FreeRTOS/Source/portable/MemMang/heap_4.o
 .bss.pxEnd     0x0000000024004a50        0x4 ./Middlewares/Third_Party/FreeRTOS/Source/portable/MemMang/heap_4.o
 .bss.xFreeBytesRemaining
                0x0000000024004a54        0x4 ./Middlewares/Third_Party/FreeRTOS/Source/portable/MemMang/heap_4.o
 .bss.xMinimumEverFreeBytesRemaining
                0x0000000024004a58        0x4 ./Middlewares/Third_Party/FreeRTOS/Source/portable/MemMang/heap_4.o
 .bss.xNumberOfSuccessfulAllocations
                0x0000000024004a5c        0x4 ./Middlewares/Third_Party/FreeRTOS/Source/portable/MemMang/heap_4.o
 .bss.xNumberOfSuccessfulFrees
                0x0000000024004a60        0x4 ./Middlewares/Third_Party/FreeRTOS/Source/portable/MemMang/heap_4.o
 .bss.xBlockAllocatedBit
                0x0000000024004a64        0x4 ./Middlewares/Third_Party/FreeRTOS/Source/portable/MemMang/heap_4.o
 .bss.__malloc_free_list
                0x0000000024004a68        0x4 /home/spencer/st/stm32cubeide_1.7.0_2/plugins/com.st.stm32cube.ide.mcu.externaltools.gnu-tools-for-stm32.9-2020-q2-update.linux64_2.0.0.202105311346/tools/bin/../lib/gcc/arm-none-eabi/9.3.1/../../../../arm-none-eabi/lib/thumb/v7e-m+dp/hard/libc_nano.a(lib_a-nano-mallocr.o)
                0x0000000024004a68                __malloc_free_list
 .bss.__malloc_sbrk_start
                0x0000000024004a6c        0x4 /home/spencer/st/stm32cubeide_1.7.0_2/plugins/com.st.stm32cube.ide.mcu.externaltools.gnu-tools-for-stm32.9-2020-q2-update.linux64_2.0.0.202105311346/tools/bin/../lib/gcc/arm-none-eabi/9.3.1/../../../../arm-none-eabi/lib/thumb/v7e-m+dp/hard/libc_nano.a(lib_a-nano-mallocr.o)
                0x0000000024004a6c                __malloc_sbrk_start
 *(COMMON)
 COMMON         0x0000000024004a70       0x8c ./Core/Src/freertos.o
                0x0000000024004a70                local_buffer
                0x0000000024004ad4                message_length
                0x0000000024004ad8                Blinker1Handle
                0x0000000024004adc                CommandLineHandle
                0x0000000024004ae0                rx_buffer
                0x0000000024004aec                Blinker2Handle
                0x0000000024004af0                Blinker3Handle
                0x0000000024004af4                CommandsToBlinkHandle
                0x0000000024004af8                times_blinkedHandle
 COMMON         0x0000000024004afc       0x4c ./Core/Src/stm32h7xx_hal_timebase_tim.o
                0x0000000024004afc                htim7
 COMMON         0x0000000024004b48       0x90 ./Core/Src/usart.o
                0x0000000024004b48                huart3
 COMMON         0x0000000024004bd8        0x4 ./Drivers/STM32H7xx_HAL_Driver/Src/stm32h7xx_hal.o
                0x0000000024004bd8                uwTick
 COMMON         0x0000000024004bdc       0x40 ./Middlewares/Third_Party/FreeRTOS/Source/queue.o
                0x0000000024004bdc                xQueueRegistry
 COMMON         0x0000000024004c1c        0x9 /home/spencer/st/stm32cubeide_1.7.0_2/plugins/com.st.stm32cube.ide.mcu.externaltools.gnu-tools-for-stm32.9-2020-q2-update.linux64_2.0.0.202105311346/tools/bin/../lib/gcc/arm-none-eabi/9.3.1/../../../../arm-none-eabi/lib/thumb/v7e-m+dp/hard/libc_nano.a(lib_a-lock.o)
                0x0000000024004c1c                __lock___atexit_recursive_mutex
                0x0000000024004c1d                __lock___arc4random_mutex
                0x0000000024004c1e                __lock___env_recursive_mutex
                0x0000000024004c1f                __lock___sinit_recursive_mutex
                0x0000000024004c20                __lock___malloc_recursive_mutex
                0x0000000024004c21                __lock___at_quick_exit_mutex
                0x0000000024004c22                __lock___dd_hash_mutex
                0x0000000024004c23                __lock___tz_mutex
                0x0000000024004c24                __lock___sfp_recursive_mutex
 *fill*         0x0000000024004c25        0x3 
 COMMON         0x0000000024004c28        0x4 /home/spencer/st/stm32cubeide_1.7.0_2/plugins/com.st.stm32cube.ide.mcu.externaltools.gnu-tools-for-stm32.9-2020-q2-update.linux64_2.0.0.202105311346/tools/bin/../lib/gcc/arm-none-eabi/9.3.1/../../../../arm-none-eabi/lib/thumb/v7e-m+dp/hard/libc_nano.a(lib_a-reent.o)
                0x0000000024004c28                errno
                0x0000000024004c2c                . = ALIGN (0x4)
                0x0000000024004c2c                _ebss = .
                0x0000000024004c2c                __bss_end__ = _ebss

._user_heap_stack
                0x0000000024004c2c      0x604 load address 0x0000000008009704
                0x0000000024004c30                . = ALIGN (0x8)
 *fill*         0x0000000024004c2c        0x4 
                [!provide]                        PROVIDE (end = .)
                0x0000000024004c30                PROVIDE (_end = .)
                0x0000000024004e30                . = (. + _Min_Heap_Size)
 *fill*         0x0000000024004c30      0x200 
                0x0000000024005230                . = (. + _Min_Stack_Size)
 *fill*         0x0000000024004e30      0x400 
                0x0000000024005230                . = ALIGN (0x8)

/DISCARD/
 libc.a(*)
 libm.a(*)
 libgcc.a(*)

.ARM.attributes
                0x0000000000000000       0x2e
 *(.ARM.attributes)
 .ARM.attributes
                0x0000000000000000       0x1e /home/spencer/st/stm32cubeide_1.7.0_2/plugins/com.st.stm32cube.ide.mcu.externaltools.gnu-tools-for-stm32.9-2020-q2-update.linux64_2.0.0.202105311346/tools/bin/../lib/gcc/arm-none-eabi/9.3.1/thumb/v7e-m+dp/hard/crti.o
 .ARM.attributes
                0x000000000000001e       0x32 /home/spencer/st/stm32cubeide_1.7.0_2/plugins/com.st.stm32cube.ide.mcu.externaltools.gnu-tools-for-stm32.9-2020-q2-update.linux64_2.0.0.202105311346/tools/bin/../lib/gcc/arm-none-eabi/9.3.1/thumb/v7e-m+dp/hard/crtbegin.o
 .ARM.attributes
                0x0000000000000050       0x32 ./Core/Src/freertos.o
 .ARM.attributes
                0x0000000000000082       0x32 ./Core/Src/gpio.o
 .ARM.attributes
                0x00000000000000b4       0x32 ./Core/Src/main.o
 .ARM.attributes
                0x00000000000000e6       0x32 ./Core/Src/stm32h7xx_hal_msp.o
 .ARM.attributes
                0x0000000000000118       0x32 ./Core/Src/stm32h7xx_hal_timebase_tim.o
 .ARM.attributes
                0x000000000000014a       0x32 ./Core/Src/stm32h7xx_it.o
 .ARM.attributes
                0x000000000000017c       0x32 ./Core/Src/sysmem.o
 .ARM.attributes
                0x00000000000001ae       0x32 ./Core/Src/system_stm32h7xx.o
 .ARM.attributes
                0x00000000000001e0       0x32 ./Core/Src/usart.o
 .ARM.attributes
                0x0000000000000212       0x32 ./Core/Src/usb_otg.o
 .ARM.attributes
                0x0000000000000244       0x21 ./Core/Startup/startup_stm32h7a3zitxq.o
 .ARM.attributes
                0x0000000000000265       0x32 ./Drivers/STM32H7xx_HAL_Driver/Src/stm32h7xx_hal.o
 .ARM.attributes
                0x0000000000000297       0x32 ./Drivers/STM32H7xx_HAL_Driver/Src/stm32h7xx_hal_cortex.o
 .ARM.attributes
                0x00000000000002c9       0x32 ./Drivers/STM32H7xx_HAL_Driver/Src/stm32h7xx_hal_gpio.o
 .ARM.attributes
                0x00000000000002fb       0x32 ./Drivers/STM32H7xx_HAL_Driver/Src/stm32h7xx_hal_pwr_ex.o
 .ARM.attributes
                0x000000000000032d       0x32 ./Drivers/STM32H7xx_HAL_Driver/Src/stm32h7xx_hal_rcc.o
 .ARM.attributes
                0x000000000000035f       0x32 ./Drivers/STM32H7xx_HAL_Driver/Src/stm32h7xx_hal_rcc_ex.o
 .ARM.attributes
                0x0000000000000391       0x32 ./Drivers/STM32H7xx_HAL_Driver/Src/stm32h7xx_hal_tim.o
 .ARM.attributes
                0x00000000000003c3       0x32 ./Drivers/STM32H7xx_HAL_Driver/Src/stm32h7xx_hal_tim_ex.o
 .ARM.attributes
                0x00000000000003f5       0x32 ./Drivers/STM32H7xx_HAL_Driver/Src/stm32h7xx_hal_uart.o
 .ARM.attributes
                0x0000000000000427       0x32 ./Drivers/STM32H7xx_HAL_Driver/Src/stm32h7xx_hal_uart_ex.o
 .ARM.attributes
                0x0000000000000459       0x32 ./Middlewares/Third_Party/FreeRTOS/Source/CMSIS_RTOS_V2/cmsis_os2.o
 .ARM.attributes
                0x000000000000048b       0x32 ./Middlewares/Third_Party/FreeRTOS/Source/list.o
 .ARM.attributes
                0x00000000000004bd       0x32 ./Middlewares/Third_Party/FreeRTOS/Source/queue.o
 .ARM.attributes
                0x00000000000004ef       0x32 ./Middlewares/Third_Party/FreeRTOS/Source/tasks.o
 .ARM.attributes
                0x0000000000000521       0x32 ./Middlewares/Third_Party/FreeRTOS/Source/timers.o
 .ARM.attributes
                0x0000000000000553       0x32 ./Middlewares/Third_Party/FreeRTOS/Source/portable/GCC/ARM_CM4F/port.o
 .ARM.attributes
                0x0000000000000585       0x32 ./Middlewares/Third_Party/FreeRTOS/Source/portable/MemMang/heap_4.o
 .ARM.attributes
                0x00000000000005b7       0x32 /home/spencer/st/stm32cubeide_1.7.0_2/plugins/com.st.stm32cube.ide.mcu.externaltools.gnu-tools-for-stm32.9-2020-q2-update.linux64_2.0.0.202105311346/tools/bin/../lib/gcc/arm-none-eabi/9.3.1/../../../../arm-none-eabi/lib/thumb/v7e-m+dp/hard/libc_nano.a(lib_a-atoi.o)
 .ARM.attributes
                0x00000000000005e9       0x32 /home/spencer/st/stm32cubeide_1.7.0_2/plugins/com.st.stm32cube.ide.mcu.externaltools.gnu-tools-for-stm32.9-2020-q2-update.linux64_2.0.0.202105311346/tools/bin/../lib/gcc/arm-none-eabi/9.3.1/../../../../arm-none-eabi/lib/thumb/v7e-m+dp/hard/libc_nano.a(lib_a-errno.o)
 .ARM.attributes
                0x000000000000061b       0x32 /home/spencer/st/stm32cubeide_1.7.0_2/plugins/com.st.stm32cube.ide.mcu.externaltools.gnu-tools-for-stm32.9-2020-q2-update.linux64_2.0.0.202105311346/tools/bin/../lib/gcc/arm-none-eabi/9.3.1/../../../../arm-none-eabi/lib/thumb/v7e-m+dp/hard/libc_nano.a(lib_a-findfp.o)
 .ARM.attributes
                0x000000000000064d       0x30 /home/spencer/st/stm32cubeide_1.7.0_2/plugins/com.st.stm32cube.ide.mcu.externaltools.gnu-tools-for-stm32.9-2020-q2-update.linux64_2.0.0.202105311346/tools/bin/../lib/gcc/arm-none-eabi/9.3.1/../../../../arm-none-eabi/lib/thumb/v7e-m+dp/hard/libc_nano.a(lib_a-impure.o)
 .ARM.attributes
                0x000000000000067d       0x32 /home/spencer/st/stm32cubeide_1.7.0_2/plugins/com.st.stm32cube.ide.mcu.externaltools.gnu-tools-for-stm32.9-2020-q2-update.linux64_2.0.0.202105311346/tools/bin/../lib/gcc/arm-none-eabi/9.3.1/../../../../arm-none-eabi/lib/thumb/v7e-m+dp/hard/libc_nano.a(lib_a-init.o)
 .ARM.attributes
                0x00000000000006af       0x32 /home/spencer/st/stm32cubeide_1.7.0_2/plugins/com.st.stm32cube.ide.mcu.externaltools.gnu-tools-for-stm32.9-2020-q2-update.linux64_2.0.0.202105311346/tools/bin/../lib/gcc/arm-none-eabi/9.3.1/../../../../arm-none-eabi/lib/thumb/v7e-m+dp/hard/libc_nano.a(lib_a-lock.o)
 .ARM.attributes
                0x00000000000006e1       0x32 /home/spencer/st/stm32cubeide_1.7.0_2/plugins/com.st.stm32cube.ide.mcu.externaltools.gnu-tools-for-stm32.9-2020-q2-update.linux64_2.0.0.202105311346/tools/bin/../lib/gcc/arm-none-eabi/9.3.1/../../../../arm-none-eabi/lib/thumb/v7e-m+dp/hard/libc_nano.a(lib_a-memcpy-stub.o)
 .ARM.attributes
                0x0000000000000713       0x32 /home/spencer/st/stm32cubeide_1.7.0_2/plugins/com.st.stm32cube.ide.mcu.externaltools.gnu-tools-for-stm32.9-2020-q2-update.linux64_2.0.0.202105311346/tools/bin/../lib/gcc/arm-none-eabi/9.3.1/../../../../arm-none-eabi/lib/thumb/v7e-m+dp/hard/libc_nano.a(lib_a-memset.o)
 .ARM.attributes
                0x0000000000000745       0x32 /home/spencer/st/stm32cubeide_1.7.0_2/plugins/com.st.stm32cube.ide.mcu.externaltools.gnu-tools-for-stm32.9-2020-q2-update.linux64_2.0.0.202105311346/tools/bin/../lib/gcc/arm-none-eabi/9.3.1/../../../../arm-none-eabi/lib/thumb/v7e-m+dp/hard/libc_nano.a(lib_a-nano-mallocr.o)
 .ARM.attributes
                0x0000000000000777       0x32 /home/spencer/st/stm32cubeide_1.7.0_2/plugins/com.st.stm32cube.ide.mcu.externaltools.gnu-tools-for-stm32.9-2020-q2-update.linux64_2.0.0.202105311346/tools/bin/../lib/gcc/arm-none-eabi/9.3.1/../../../../arm-none-eabi/lib/thumb/v7e-m+dp/hard/libc_nano.a(lib_a-reent.o)
 .ARM.attributes
                0x00000000000007a9       0x32 /home/spencer/st/stm32cubeide_1.7.0_2/plugins/com.st.stm32cube.ide.mcu.externaltools.gnu-tools-for-stm32.9-2020-q2-update.linux64_2.0.0.202105311346/tools/bin/../lib/gcc/arm-none-eabi/9.3.1/../../../../arm-none-eabi/lib/thumb/v7e-m+dp/hard/libc_nano.a(lib_a-sbrkr.o)
 .ARM.attributes
                0x00000000000007db       0x32 /home/spencer/st/stm32cubeide_1.7.0_2/plugins/com.st.stm32cube.ide.mcu.externaltools.gnu-tools-for-stm32.9-2020-q2-update.linux64_2.0.0.202105311346/tools/bin/../lib/gcc/arm-none-eabi/9.3.1/../../../../arm-none-eabi/lib/thumb/v7e-m+dp/hard/libc_nano.a(lib_a-sprintf.o)
 .ARM.attributes
                0x000000000000080d       0x32 /home/spencer/st/stm32cubeide_1.7.0_2/plugins/com.st.stm32cube.ide.mcu.externaltools.gnu-tools-for-stm32.9-2020-q2-update.linux64_2.0.0.202105311346/tools/bin/../lib/gcc/arm-none-eabi/9.3.1/../../../../arm-none-eabi/lib/thumb/v7e-m+dp/hard/libc_nano.a(lib_a-strstr.o)
 .ARM.attributes
                0x000000000000083f       0x32 /home/spencer/st/stm32cubeide_1.7.0_2/plugins/com.st.stm32cube.ide.mcu.externaltools.gnu-tools-for-stm32.9-2020-q2-update.linux64_2.0.0.202105311346/tools/bin/../lib/gcc/arm-none-eabi/9.3.1/../../../../arm-none-eabi/lib/thumb/v7e-m+dp/hard/libc_nano.a(lib_a-strtol.o)
 .ARM.attributes
                0x0000000000000871       0x30 /home/spencer/st/stm32cubeide_1.7.0_2/plugins/com.st.stm32cube.ide.mcu.externaltools.gnu-tools-for-stm32.9-2020-q2-update.linux64_2.0.0.202105311346/tools/bin/../lib/gcc/arm-none-eabi/9.3.1/../../../../arm-none-eabi/lib/thumb/v7e-m+dp/hard/libc_nano.a(lib_a-ctype_.o)
 .ARM.attributes
                0x00000000000008a1       0x32 /home/spencer/st/stm32cubeide_1.7.0_2/plugins/com.st.stm32cube.ide.mcu.externaltools.gnu-tools-for-stm32.9-2020-q2-update.linux64_2.0.0.202105311346/tools/bin/../lib/gcc/arm-none-eabi/9.3.1/../../../../arm-none-eabi/lib/thumb/v7e-m+dp/hard/libc_nano.a(lib_a-mlock.o)
 .ARM.attributes
                0x00000000000008d3       0x32 /home/spencer/st/stm32cubeide_1.7.0_2/plugins/com.st.stm32cube.ide.mcu.externaltools.gnu-tools-for-stm32.9-2020-q2-update.linux64_2.0.0.202105311346/tools/bin/../lib/gcc/arm-none-eabi/9.3.1/../../../../arm-none-eabi/lib/thumb/v7e-m+dp/hard/libc_nano.a(lib_a-nano-freer.o)
 .ARM.attributes
                0x0000000000000905       0x32 /home/spencer/st/stm32cubeide_1.7.0_2/plugins/com.st.stm32cube.ide.mcu.externaltools.gnu-tools-for-stm32.9-2020-q2-update.linux64_2.0.0.202105311346/tools/bin/../lib/gcc/arm-none-eabi/9.3.1/../../../../arm-none-eabi/lib/thumb/v7e-m+dp/hard/libc_nano.a(lib_a-nano-svfprintf.o)
 .ARM.attributes
                0x0000000000000937       0x32 /home/spencer/st/stm32cubeide_1.7.0_2/plugins/com.st.stm32cube.ide.mcu.externaltools.gnu-tools-for-stm32.9-2020-q2-update.linux64_2.0.0.202105311346/tools/bin/../lib/gcc/arm-none-eabi/9.3.1/../../../../arm-none-eabi/lib/thumb/v7e-m+dp/hard/libc_nano.a(lib_a-nano-vfprintf_i.o)
 .ARM.attributes
                0x0000000000000969       0x1c /home/spencer/st/stm32cubeide_1.7.0_2/plugins/com.st.stm32cube.ide.mcu.externaltools.gnu-tools-for-stm32.9-2020-q2-update.linux64_2.0.0.202105311346/tools/bin/../lib/gcc/arm-none-eabi/9.3.1/../../../../arm-none-eabi/lib/thumb/v7e-m+dp/hard/libc_nano.a(lib_a-memchr.o)
 .ARM.attributes
                0x0000000000000985       0x32 /home/spencer/st/stm32cubeide_1.7.0_2/plugins/com.st.stm32cube.ide.mcu.externaltools.gnu-tools-for-stm32.9-2020-q2-update.linux64_2.0.0.202105311346/tools/bin/../lib/gcc/arm-none-eabi/9.3.1/../../../../arm-none-eabi/lib/thumb/v7e-m+dp/hard/libc_nano.a(lib_a-memmove.o)
 .ARM.attributes
                0x00000000000009b7       0x32 /home/spencer/st/stm32cubeide_1.7.0_2/plugins/com.st.stm32cube.ide.mcu.externaltools.gnu-tools-for-stm32.9-2020-q2-update.linux64_2.0.0.202105311346/tools/bin/../lib/gcc/arm-none-eabi/9.3.1/../../../../arm-none-eabi/lib/thumb/v7e-m+dp/hard/libc_nano.a(lib_a-nano-reallocr.o)
 .ARM.attributes
                0x00000000000009e9       0x32 /home/spencer/st/stm32cubeide_1.7.0_2/plugins/com.st.stm32cube.ide.mcu.externaltools.gnu-tools-for-stm32.9-2020-q2-update.linux64_2.0.0.202105311346/tools/bin/../lib/gcc/arm-none-eabi/9.3.1/../../../../arm-none-eabi/lib/thumb/v7e-m+dp/hard/libc_nano.a(lib_a-nano-msizer.o)
 .ARM.attributes
                0x0000000000000a1b       0x1e /home/spencer/st/stm32cubeide_1.7.0_2/plugins/com.st.stm32cube.ide.mcu.externaltools.gnu-tools-for-stm32.9-2020-q2-update.linux64_2.0.0.202105311346/tools/bin/../lib/gcc/arm-none-eabi/9.3.1/thumb/v7e-m+dp/hard/libgcc.a(_aeabi_uldivmod.o)
 .ARM.attributes
                0x0000000000000a39       0x32 /home/spencer/st/stm32cubeide_1.7.0_2/plugins/com.st.stm32cube.ide.mcu.externaltools.gnu-tools-for-stm32.9-2020-q2-update.linux64_2.0.0.202105311346/tools/bin/../lib/gcc/arm-none-eabi/9.3.1/thumb/v7e-m+dp/hard/libgcc.a(_udivmoddi4.o)
 .ARM.attributes
                0x0000000000000a6b       0x1e /home/spencer/st/stm32cubeide_1.7.0_2/plugins/com.st.stm32cube.ide.mcu.externaltools.gnu-tools-for-stm32.9-2020-q2-update.linux64_2.0.0.202105311346/tools/bin/../lib/gcc/arm-none-eabi/9.3.1/thumb/v7e-m+dp/hard/libgcc.a(_dvmd_tls.o)
 .ARM.attributes
                0x0000000000000a89       0x1e /home/spencer/st/stm32cubeide_1.7.0_2/plugins/com.st.stm32cube.ide.mcu.externaltools.gnu-tools-for-stm32.9-2020-q2-update.linux64_2.0.0.202105311346/tools/bin/../lib/gcc/arm-none-eabi/9.3.1/thumb/v7e-m+dp/hard/crtn.o
OUTPUT(blinky-queues.elf elf32-littlearm)
LOAD linker stubs
LOAD /home/spencer/st/stm32cubeide_1.7.0_2/plugins/com.st.stm32cube.ide.mcu.externaltools.gnu-tools-for-stm32.9-2020-q2-update.linux64_2.0.0.202105311346/tools/bin/../lib/gcc/arm-none-eabi/9.3.1/../../../../arm-none-eabi/lib/thumb/v7e-m+dp/hard/libc.a
LOAD /home/spencer/st/stm32cubeide_1.7.0_2/plugins/com.st.stm32cube.ide.mcu.externaltools.gnu-tools-for-stm32.9-2020-q2-update.linux64_2.0.0.202105311346/tools/bin/../lib/gcc/arm-none-eabi/9.3.1/../../../../arm-none-eabi/lib/thumb/v7e-m+dp/hard/libm.a
LOAD /home/spencer/st/stm32cubeide_1.7.0_2/plugins/com.st.stm32cube.ide.mcu.externaltools.gnu-tools-for-stm32.9-2020-q2-update.linux64_2.0.0.202105311346/tools/bin/../lib/gcc/arm-none-eabi/9.3.1/thumb/v7e-m+dp/hard/libgcc.a

.debug_info     0x0000000000000000    0x30a9d
 .debug_info    0x0000000000000000     0x1869 ./Core/Src/freertos.o
 .debug_info    0x0000000000001869     0x1199 ./Core/Src/gpio.o
 .debug_info    0x0000000000002a02     0x18f4 ./Core/Src/main.o
 .debug_info    0x00000000000042f6     0x130b ./Core/Src/stm32h7xx_hal_msp.o
 .debug_info    0x0000000000005601     0x1b02 ./Core/Src/stm32h7xx_hal_timebase_tim.o
 .debug_info    0x0000000000007103     0x12ba ./Core/Src/stm32h7xx_it.o
 .debug_info    0x00000000000083bd      0xa25 ./Core/Src/sysmem.o
 .debug_info    0x0000000000008de2     0x170a ./Core/Src/system_stm32h7xx.o
 .debug_info    0x000000000000a4ec     0x1a91 ./Core/Src/usart.o
 .debug_info    0x000000000000bf7d      0xb91 ./Core/Src/usb_otg.o
 .debug_info    0x000000000000cb0e       0x22 ./Core/Startup/startup_stm32h7a3zitxq.o
 .debug_info    0x000000000000cb30     0x1e3c ./Drivers/STM32H7xx_HAL_Driver/Src/stm32h7xx_hal.o
 .debug_info    0x000000000000e96c     0x1bf5 ./Drivers/STM32H7xx_HAL_Driver/Src/stm32h7xx_hal_cortex.o
 .debug_info    0x0000000000010561     0x16a5 ./Drivers/STM32H7xx_HAL_Driver/Src/stm32h7xx_hal_gpio.o
 .debug_info    0x0000000000011c06     0x1a62 ./Drivers/STM32H7xx_HAL_Driver/Src/stm32h7xx_hal_pwr_ex.o